-- Logs begin at Tue 2019-11-12 16:35:11 EST, end at Mon 2021-01-25 20:48:26 EST. --
Jan 25 19:09:34 UbuntuDesktop kernel: Linux version 5.0.0-23-generic (buildd@lgw01-amd64-030) (gcc version 7.4.0 (Ubuntu 7.4.0-1ubuntu1~18.04.1)) #24~18.04.1-Ubuntu SMP Mon Jul 29 16:12:28 UTC 2019 (Ubuntu 5.0.0-23.24~18.04.1-generic 5.0.15)
Jan 25 19:09:34 UbuntuDesktop kernel: Command line: BOOT_IMAGE=/boot/vmlinuz-5.0.0-23-generic root=UUID=f9fecba7-13b9-4183-9bac-b3bd19359334 ro quiet splash
Jan 25 19:09:34 UbuntuDesktop kernel: KERNEL supported cpus:
Jan 25 19:09:34 UbuntuDesktop kernel:   Intel GenuineIntel
Jan 25 19:09:34 UbuntuDesktop kernel:   AMD AuthenticAMD
Jan 25 19:09:34 UbuntuDesktop kernel:   Hygon HygonGenuine
Jan 25 19:09:34 UbuntuDesktop kernel:   Centaur CentaurHauls
Jan 25 19:09:34 UbuntuDesktop kernel: x86/fpu: Supporting XSAVE feature 0x001: 'x87 floating point registers'
Jan 25 19:09:34 UbuntuDesktop kernel: x86/fpu: Supporting XSAVE feature 0x002: 'SSE registers'
Jan 25 19:09:34 UbuntuDesktop kernel: x86/fpu: Supporting XSAVE feature 0x004: 'AVX registers'
Jan 25 19:09:34 UbuntuDesktop kernel: x86/fpu: xstate_offset[2]:  576, xstate_sizes[2]:  256
Jan 25 19:09:34 UbuntuDesktop kernel: x86/fpu: Enabled xstate features 0x7, context size is 832 bytes, using 'standard' format.
Jan 25 19:09:34 UbuntuDesktop kernel: BIOS-provided physical RAM map:
Jan 25 19:09:34 UbuntuDesktop kernel: BIOS-e820: [mem 0x0000000000000000-0x000000000009fbff] usable
Jan 25 19:09:34 UbuntuDesktop kernel: BIOS-e820: [mem 0x000000000009fc00-0x000000000009ffff] reserved
Jan 25 19:09:34 UbuntuDesktop kernel: BIOS-e820: [mem 0x00000000000f0000-0x00000000000fffff] reserved
Jan 25 19:09:34 UbuntuDesktop kernel: BIOS-e820: [mem 0x0000000000100000-0x00000000dffeffff] usable
Jan 25 19:09:34 UbuntuDesktop kernel: BIOS-e820: [mem 0x00000000dfff0000-0x00000000dfffffff] ACPI data
Jan 25 19:09:34 UbuntuDesktop kernel: BIOS-e820: [mem 0x00000000fec00000-0x00000000fec00fff] reserved
Jan 25 19:09:34 UbuntuDesktop kernel: BIOS-e820: [mem 0x00000000fee00000-0x00000000fee00fff] reserved
Jan 25 19:09:34 UbuntuDesktop kernel: BIOS-e820: [mem 0x00000000fffc0000-0x00000000ffffffff] reserved
Jan 25 19:09:34 UbuntuDesktop kernel: BIOS-e820: [mem 0x0000000100000000-0x000000011fffffff] usable
Jan 25 19:09:34 UbuntuDesktop kernel: NX (Execute Disable) protection: active
Jan 25 19:09:34 UbuntuDesktop kernel: SMBIOS 2.5 present.
Jan 25 19:09:34 UbuntuDesktop kernel: DMI: innotek GmbH VirtualBox/VirtualBox, BIOS VirtualBox 12/01/2006
Jan 25 19:09:34 UbuntuDesktop kernel: Hypervisor detected: KVM
Jan 25 19:09:34 UbuntuDesktop kernel: kvm-clock: Using msrs 4b564d01 and 4b564d00
Jan 25 19:09:34 UbuntuDesktop kernel: kvm-clock: cpu 0, msr 7fa01001, primary cpu clock
Jan 25 19:09:34 UbuntuDesktop kernel: kvm-clock: using sched offset of 3909123639 cycles
Jan 25 19:09:34 UbuntuDesktop kernel: clocksource: kvm-clock: mask: 0xffffffffffffffff max_cycles: 0x1cd42e4dffb, max_idle_ns: 881590591483 ns
Jan 25 19:09:34 UbuntuDesktop kernel: tsc: Detected 2712.002 MHz processor
Jan 25 19:09:34 UbuntuDesktop kernel: e820: update [mem 0x00000000-0x00000fff] usable ==> reserved
Jan 25 19:09:34 UbuntuDesktop kernel: e820: remove [mem 0x000a0000-0x000fffff] usable
Jan 25 19:09:34 UbuntuDesktop kernel: last_pfn = 0x120000 max_arch_pfn = 0x400000000
Jan 25 19:09:34 UbuntuDesktop kernel: MTRR default type: uncachable
Jan 25 19:09:34 UbuntuDesktop kernel: MTRR variable ranges disabled:
Jan 25 19:09:34 UbuntuDesktop kernel: Disabled
Jan 25 19:09:34 UbuntuDesktop kernel: x86/PAT: MTRRs disabled, skipping PAT initialization too.
Jan 25 19:09:34 UbuntuDesktop kernel: CPU MTRRs all blank - virtualized system.
Jan 25 19:09:34 UbuntuDesktop kernel: x86/PAT: Configuration [0-7]: WB  WT  UC- UC  WB  WT  UC- UC  
Jan 25 19:09:34 UbuntuDesktop kernel: last_pfn = 0xdfff0 max_arch_pfn = 0x400000000
Jan 25 19:09:34 UbuntuDesktop kernel: found SMP MP-table at [mem 0x0009fff0-0x0009ffff]
Jan 25 19:09:34 UbuntuDesktop kernel: check: Scanning 1 areas for low memory corruption
Jan 25 19:09:34 UbuntuDesktop kernel: BRK [0x7fc01000, 0x7fc01fff] PGTABLE
Jan 25 19:09:34 UbuntuDesktop kernel: BRK [0x7fc02000, 0x7fc02fff] PGTABLE
Jan 25 19:09:34 UbuntuDesktop kernel: BRK [0x7fc03000, 0x7fc03fff] PGTABLE
Jan 25 19:09:34 UbuntuDesktop kernel: BRK [0x7fc04000, 0x7fc04fff] PGTABLE
Jan 25 19:09:34 UbuntuDesktop kernel: BRK [0x7fc05000, 0x7fc05fff] PGTABLE
Jan 25 19:09:34 UbuntuDesktop kernel: RAMDISK: [mem 0x33337000-0x35992fff]
Jan 25 19:09:34 UbuntuDesktop kernel: ACPI: Early table checksum verification disabled
Jan 25 19:09:34 UbuntuDesktop kernel: ACPI: RSDP 0x00000000000E0000 000024 (v02 VBOX  )
Jan 25 19:09:34 UbuntuDesktop kernel: ACPI: XSDT 0x00000000DFFF0030 00003C (v01 VBOX   VBOXXSDT 00000001 ASL  00000061)
Jan 25 19:09:34 UbuntuDesktop kernel: ACPI: FACP 0x00000000DFFF00F0 0000F4 (v04 VBOX   VBOXFACP 00000001 ASL  00000061)
Jan 25 19:09:34 UbuntuDesktop kernel: ACPI: DSDT 0x00000000DFFF0470 002325 (v02 VBOX   VBOXBIOS 00000002 INTL 20100528)
Jan 25 19:09:34 UbuntuDesktop kernel: ACPI: FACS 0x00000000DFFF0200 000040
Jan 25 19:09:34 UbuntuDesktop kernel: ACPI: FACS 0x00000000DFFF0200 000040
Jan 25 19:09:34 UbuntuDesktop kernel: ACPI: APIC 0x00000000DFFF0240 00005C (v02 VBOX   VBOXAPIC 00000001 ASL  00000061)
Jan 25 19:09:34 UbuntuDesktop kernel: ACPI: SSDT 0x00000000DFFF02A0 0001CC (v01 VBOX   VBOXCPUT 00000002 INTL 20100528)
Jan 25 19:09:34 UbuntuDesktop kernel: ACPI: Local APIC address 0xfee00000
Jan 25 19:09:34 UbuntuDesktop kernel: No NUMA configuration found
Jan 25 19:09:34 UbuntuDesktop kernel: Faking a node at [mem 0x0000000000000000-0x000000011fffffff]
Jan 25 19:09:34 UbuntuDesktop kernel: NODE_DATA(0) allocated [mem 0x11ffd1000-0x11fffbfff]
Jan 25 19:09:34 UbuntuDesktop kernel: Zone ranges:
Jan 25 19:09:34 UbuntuDesktop kernel:   DMA      [mem 0x0000000000001000-0x0000000000ffffff]
Jan 25 19:09:34 UbuntuDesktop kernel:   DMA32    [mem 0x0000000001000000-0x00000000ffffffff]
Jan 25 19:09:34 UbuntuDesktop kernel:   Normal   [mem 0x0000000100000000-0x000000011fffffff]
Jan 25 19:09:34 UbuntuDesktop kernel:   Device   empty
Jan 25 19:09:34 UbuntuDesktop kernel: Movable zone start for each node
Jan 25 19:09:34 UbuntuDesktop kernel: Early memory node ranges
Jan 25 19:09:34 UbuntuDesktop kernel:   node   0: [mem 0x0000000000001000-0x000000000009efff]
Jan 25 19:09:34 UbuntuDesktop kernel:   node   0: [mem 0x0000000000100000-0x00000000dffeffff]
Jan 25 19:09:34 UbuntuDesktop kernel:   node   0: [mem 0x0000000100000000-0x000000011fffffff]
Jan 25 19:09:34 UbuntuDesktop kernel: Zeroed struct page in unavailable ranges: 114 pages
Jan 25 19:09:34 UbuntuDesktop kernel: Initmem setup node 0 [mem 0x0000000000001000-0x000000011fffffff]
Jan 25 19:09:34 UbuntuDesktop kernel: On node 0 totalpages: 1048462
Jan 25 19:09:34 UbuntuDesktop kernel:   DMA zone: 64 pages used for memmap
Jan 25 19:09:34 UbuntuDesktop kernel:   DMA zone: 21 pages reserved
Jan 25 19:09:34 UbuntuDesktop kernel:   DMA zone: 3998 pages, LIFO batch:0
Jan 25 19:09:34 UbuntuDesktop kernel:   DMA32 zone: 14272 pages used for memmap
Jan 25 19:09:34 UbuntuDesktop kernel:   DMA32 zone: 913392 pages, LIFO batch:63
Jan 25 19:09:34 UbuntuDesktop kernel:   Normal zone: 2048 pages used for memmap
Jan 25 19:09:34 UbuntuDesktop kernel:   Normal zone: 131072 pages, LIFO batch:31
Jan 25 19:09:34 UbuntuDesktop kernel: ACPI: PM-Timer IO Port: 0x4008
Jan 25 19:09:34 UbuntuDesktop kernel: ACPI: Local APIC address 0xfee00000
Jan 25 19:09:34 UbuntuDesktop kernel: IOAPIC[0]: apic_id 2, version 32, address 0xfec00000, GSI 0-23
Jan 25 19:09:34 UbuntuDesktop kernel: ACPI: INT_SRC_OVR (bus 0 bus_irq 0 global_irq 2 dfl dfl)
Jan 25 19:09:34 UbuntuDesktop kernel: ACPI: INT_SRC_OVR (bus 0 bus_irq 9 global_irq 9 low level)
Jan 25 19:09:34 UbuntuDesktop kernel: ACPI: IRQ0 used by override.
Jan 25 19:09:34 UbuntuDesktop kernel: ACPI: IRQ9 used by override.
Jan 25 19:09:34 UbuntuDesktop kernel: Using ACPI (MADT) for SMP configuration information
Jan 25 19:09:34 UbuntuDesktop kernel: smpboot: Allowing 2 CPUs, 0 hotplug CPUs
Jan 25 19:09:34 UbuntuDesktop kernel: PM: Registered nosave memory: [mem 0x00000000-0x00000fff]
Jan 25 19:09:34 UbuntuDesktop kernel: PM: Registered nosave memory: [mem 0x0009f000-0x0009ffff]
Jan 25 19:09:34 UbuntuDesktop kernel: PM: Registered nosave memory: [mem 0x000a0000-0x000effff]
Jan 25 19:09:34 UbuntuDesktop kernel: PM: Registered nosave memory: [mem 0x000f0000-0x000fffff]
Jan 25 19:09:34 UbuntuDesktop kernel: PM: Registered nosave memory: [mem 0xdfff0000-0xdfffffff]
Jan 25 19:09:34 UbuntuDesktop kernel: PM: Registered nosave memory: [mem 0xe0000000-0xfebfffff]
Jan 25 19:09:34 UbuntuDesktop kernel: PM: Registered nosave memory: [mem 0xfec00000-0xfec00fff]
Jan 25 19:09:34 UbuntuDesktop kernel: PM: Registered nosave memory: [mem 0xfec01000-0xfedfffff]
Jan 25 19:09:34 UbuntuDesktop kernel: PM: Registered nosave memory: [mem 0xfee00000-0xfee00fff]
Jan 25 19:09:34 UbuntuDesktop kernel: PM: Registered nosave memory: [mem 0xfee01000-0xfffbffff]
Jan 25 19:09:34 UbuntuDesktop kernel: PM: Registered nosave memory: [mem 0xfffc0000-0xffffffff]
Jan 25 19:09:34 UbuntuDesktop kernel: [mem 0xe0000000-0xfebfffff] available for PCI devices
Jan 25 19:09:34 UbuntuDesktop kernel: Booting paravirtualized kernel on KVM
Jan 25 19:09:34 UbuntuDesktop kernel: clocksource: refined-jiffies: mask: 0xffffffff max_cycles: 0xffffffff, max_idle_ns: 7645519600211568 ns
Jan 25 19:09:34 UbuntuDesktop kernel: random: get_random_bytes called from start_kernel+0x97/0x516 with crng_init=0
Jan 25 19:09:34 UbuntuDesktop kernel: setup_percpu: NR_CPUS:8192 nr_cpumask_bits:2 nr_cpu_ids:2 nr_node_ids:1
Jan 25 19:09:34 UbuntuDesktop kernel: percpu: Embedded 46 pages/cpu s151552 r8192 d28672 u1048576
Jan 25 19:09:34 UbuntuDesktop kernel: pcpu-alloc: s151552 r8192 d28672 u1048576 alloc=1*2097152
Jan 25 19:09:34 UbuntuDesktop kernel: pcpu-alloc: [0] 0 1 
Jan 25 19:09:34 UbuntuDesktop kernel: PV qspinlock hash table entries: 256 (order: 0, 4096 bytes)
Jan 25 19:09:34 UbuntuDesktop kernel: Built 1 zonelists, mobility grouping on.  Total pages: 1032057
Jan 25 19:09:34 UbuntuDesktop kernel: Policy zone: Normal
Jan 25 19:09:34 UbuntuDesktop kernel: Kernel command line: BOOT_IMAGE=/boot/vmlinuz-5.0.0-23-generic root=UUID=f9fecba7-13b9-4183-9bac-b3bd19359334 ro quiet splash
Jan 25 19:09:34 UbuntuDesktop kernel: Calgary: detecting Calgary via BIOS EBDA area
Jan 25 19:09:34 UbuntuDesktop kernel: Calgary: Unable to locate Rio Grande table in EBDA - bailing!
Jan 25 19:09:34 UbuntuDesktop kernel: Memory: 3989384K/4193848K available (14339K kernel code, 2335K rwdata, 4312K rodata, 2584K init, 5196K bss, 204464K reserved, 0K cma-reserved)
Jan 25 19:09:34 UbuntuDesktop kernel: SLUB: HWalign=64, Order=0-3, MinObjects=0, CPUs=2, Nodes=1
Jan 25 19:09:34 UbuntuDesktop kernel: Kernel/User page tables isolation: enabled
Jan 25 19:09:34 UbuntuDesktop kernel: ftrace: allocating 41572 entries in 163 pages
Jan 25 19:09:34 UbuntuDesktop kernel: rcu: Hierarchical RCU implementation.
Jan 25 19:09:34 UbuntuDesktop kernel: rcu:         RCU restricting CPUs from NR_CPUS=8192 to nr_cpu_ids=2.
Jan 25 19:09:34 UbuntuDesktop kernel:         Tasks RCU enabled.
Jan 25 19:09:34 UbuntuDesktop kernel: rcu: RCU calculated value of scheduler-enlistment delay is 25 jiffies.
Jan 25 19:09:34 UbuntuDesktop kernel: rcu: Adjusting geometry for rcu_fanout_leaf=16, nr_cpu_ids=2
Jan 25 19:09:34 UbuntuDesktop kernel: NR_IRQS: 524544, nr_irqs: 440, preallocated irqs: 16
Jan 25 19:09:34 UbuntuDesktop kernel: Console: colour VGA+ 80x25
Jan 25 19:09:34 UbuntuDesktop kernel: printk: console [tty0] enabled
Jan 25 19:09:34 UbuntuDesktop kernel: ACPI: Core revision 20181213
Jan 25 19:09:34 UbuntuDesktop kernel: APIC: Switch to symmetric I/O mode setup
Jan 25 19:09:34 UbuntuDesktop kernel: x2apic enabled
Jan 25 19:09:34 UbuntuDesktop kernel: Switched APIC routing to physical x2apic.
Jan 25 19:09:34 UbuntuDesktop kernel: ..TIMER: vector=0x30 apic1=0 pin1=2 apic2=-1 pin2=-1
Jan 25 19:09:34 UbuntuDesktop kernel: clocksource: tsc-early: mask: 0xffffffffffffffff max_cycles: 0x2717880cafa, max_idle_ns: 440795252614 ns
Jan 25 19:09:34 UbuntuDesktop kernel: Calibrating delay loop (skipped) preset value.. 5424.00 BogoMIPS (lpj=10848008)
Jan 25 19:09:34 UbuntuDesktop kernel: pid_max: default: 32768 minimum: 301
Jan 25 19:09:34 UbuntuDesktop kernel: LSM: Security Framework initializing
Jan 25 19:09:34 UbuntuDesktop kernel: Yama: becoming mindful.
Jan 25 19:09:34 UbuntuDesktop kernel: AppArmor: AppArmor initialized
Jan 25 19:09:34 UbuntuDesktop kernel: Dentry cache hash table entries: 524288 (order: 10, 4194304 bytes)
Jan 25 19:09:34 UbuntuDesktop kernel: Inode-cache hash table entries: 262144 (order: 9, 2097152 bytes)
Jan 25 19:09:34 UbuntuDesktop kernel: Mount-cache hash table entries: 8192 (order: 4, 65536 bytes)
Jan 25 19:09:34 UbuntuDesktop kernel: Mountpoint-cache hash table entries: 8192 (order: 4, 65536 bytes)
Jan 25 19:09:34 UbuntuDesktop kernel: mce: CPU supports 0 MCE banks
Jan 25 19:09:34 UbuntuDesktop kernel: Last level iTLB entries: 4KB 64, 2MB 8, 4MB 8
Jan 25 19:09:34 UbuntuDesktop kernel: Last level dTLB entries: 4KB 64, 2MB 0, 4MB 0, 1GB 4
Jan 25 19:09:34 UbuntuDesktop kernel: Spectre V2 : Mitigation: Full generic retpoline
Jan 25 19:09:34 UbuntuDesktop kernel: Spectre V2 : Spectre v2 / SpectreRSB mitigation: Filling RSB on context switch
Jan 25 19:09:34 UbuntuDesktop kernel: Speculative Store Bypass: Vulnerable
Jan 25 19:09:34 UbuntuDesktop kernel: MDS: Mitigation: Clear CPU buffers
Jan 25 19:09:34 UbuntuDesktop kernel: Freeing SMP alternatives memory: 36K
Jan 25 19:09:34 UbuntuDesktop kernel: smpboot: CPU0: Intel(R) Core(TM) i5-7300U CPU @ 2.60GHz (family: 0x6, model: 0x8e, stepping: 0x9)
Jan 25 19:09:34 UbuntuDesktop kernel: Performance Events: unsupported p6 CPU model 142 no PMU driver, software events only.
Jan 25 19:09:34 UbuntuDesktop kernel: rcu: Hierarchical SRCU implementation.
Jan 25 19:09:34 UbuntuDesktop kernel: random: crng done (trusting CPU's manufacturer)
Jan 25 19:09:34 UbuntuDesktop kernel: NMI watchdog: Perf NMI watchdog permanently disabled
Jan 25 19:09:34 UbuntuDesktop kernel: smp: Bringing up secondary CPUs ...
Jan 25 19:09:34 UbuntuDesktop kernel: x86: Booting SMP configuration:
Jan 25 19:09:34 UbuntuDesktop kernel: .... node  #0, CPUs:      #1
Jan 25 19:09:34 UbuntuDesktop kernel: kvm-clock: cpu 1, msr 7fa01041, secondary cpu clock
Jan 25 19:09:34 UbuntuDesktop kernel: mce: CPU supports 0 MCE banks
Jan 25 19:09:34 UbuntuDesktop kernel: smp: Brought up 1 node, 2 CPUs
Jan 25 19:09:34 UbuntuDesktop kernel: smpboot: Max logical packages: 1
Jan 25 19:09:34 UbuntuDesktop kernel: smpboot: Total of 2 processors activated (10848.00 BogoMIPS)
Jan 25 19:09:34 UbuntuDesktop kernel: devtmpfs: initialized
Jan 25 19:09:34 UbuntuDesktop kernel: x86/mm: Memory block size: 128MB
Jan 25 19:09:34 UbuntuDesktop kernel: clocksource: jiffies: mask: 0xffffffff max_cycles: 0xffffffff, max_idle_ns: 7645041785100000 ns
Jan 25 19:09:34 UbuntuDesktop kernel: futex hash table entries: 512 (order: 3, 32768 bytes)
Jan 25 19:09:34 UbuntuDesktop kernel: pinctrl core: initialized pinctrl subsystem
Jan 25 19:09:34 UbuntuDesktop kernel: RTC time: 00:09:31, date: 2021-01-26
Jan 25 19:09:34 UbuntuDesktop kernel: NET: Registered protocol family 16
Jan 25 19:09:34 UbuntuDesktop kernel: audit: initializing netlink subsys (disabled)
Jan 25 19:09:34 UbuntuDesktop kernel: audit: type=2000 audit(1611619776.982:1): state=initialized audit_enabled=0 res=1
Jan 25 19:09:34 UbuntuDesktop kernel: EISA bus registered
Jan 25 19:09:34 UbuntuDesktop kernel: cpuidle: using governor ladder
Jan 25 19:09:34 UbuntuDesktop kernel: cpuidle: using governor menu
Jan 25 19:09:34 UbuntuDesktop kernel: ACPI: bus type PCI registered
Jan 25 19:09:34 UbuntuDesktop kernel: acpiphp: ACPI Hot Plug PCI Controller Driver version: 0.5
Jan 25 19:09:34 UbuntuDesktop kernel: PCI: Using configuration type 1 for base access
Jan 25 19:09:34 UbuntuDesktop kernel: HugeTLB registered 2.00 MiB page size, pre-allocated 0 pages
Jan 25 19:09:34 UbuntuDesktop kernel: ACPI: Added _OSI(Module Device)
Jan 25 19:09:34 UbuntuDesktop kernel: ACPI: Added _OSI(Processor Device)
Jan 25 19:09:34 UbuntuDesktop kernel: ACPI: Added _OSI(3.0 _SCP Extensions)
Jan 25 19:09:34 UbuntuDesktop kernel: ACPI: Added _OSI(Processor Aggregator Device)
Jan 25 19:09:34 UbuntuDesktop kernel: ACPI: Added _OSI(Linux-Dell-Video)
Jan 25 19:09:34 UbuntuDesktop kernel: ACPI: Added _OSI(Linux-Lenovo-NV-HDMI-Audio)
Jan 25 19:09:34 UbuntuDesktop kernel: ACPI: Added _OSI(Linux-HPI-Hybrid-Graphics)
Jan 25 19:09:34 UbuntuDesktop kernel: ACPI: 2 ACPI AML tables successfully acquired and loaded
Jan 25 19:09:34 UbuntuDesktop kernel: ACPI: Interpreter enabled
Jan 25 19:09:34 UbuntuDesktop kernel: ACPI: (supports S0 S5)
Jan 25 19:09:34 UbuntuDesktop kernel: ACPI: Using IOAPIC for interrupt routing
Jan 25 19:09:34 UbuntuDesktop kernel: PCI: Using host bridge windows from ACPI; if necessary, use "pci=nocrs" and report a bug
Jan 25 19:09:34 UbuntuDesktop kernel: ACPI: Enabled 2 GPEs in block 00 to 07
Jan 25 19:09:34 UbuntuDesktop kernel: ACPI: PCI Root Bridge [PCI0] (domain 0000 [bus 00-ff])
Jan 25 19:09:34 UbuntuDesktop kernel: acpi PNP0A03:00: _OSC: OS supports [ASPM ClockPM Segments MSI]
Jan 25 19:09:34 UbuntuDesktop kernel: acpi PNP0A03:00: _OSC: not requesting OS control; OS requires [ExtendedConfig ASPM ClockPM MSI]
Jan 25 19:09:34 UbuntuDesktop kernel: acpi PNP0A03:00: fail to add MMCONFIG information, can't access extended PCI configuration space under this bridge.
Jan 25 19:09:34 UbuntuDesktop kernel: PCI host bridge to bus 0000:00
Jan 25 19:09:34 UbuntuDesktop kernel: pci_bus 0000:00: root bus resource [io  0x0000-0x0cf7 window]
Jan 25 19:09:34 UbuntuDesktop kernel: pci_bus 0000:00: root bus resource [io  0x0d00-0xffff window]
Jan 25 19:09:34 UbuntuDesktop kernel: pci_bus 0000:00: root bus resource [mem 0x000a0000-0x000bffff window]
Jan 25 19:09:34 UbuntuDesktop kernel: pci_bus 0000:00: root bus resource [mem 0xe0000000-0xfdffffff window]
Jan 25 19:09:34 UbuntuDesktop kernel: pci_bus 0000:00: root bus resource [bus 00-ff]
Jan 25 19:09:34 UbuntuDesktop kernel: pci 0000:00:00.0: [8086:1237] type 00 class 0x060000
Jan 25 19:09:34 UbuntuDesktop kernel: pci 0000:00:01.0: [8086:7000] type 00 class 0x060100
Jan 25 19:09:34 UbuntuDesktop kernel: pci 0000:00:01.1: [8086:7111] type 00 class 0x01018a
Jan 25 19:09:34 UbuntuDesktop kernel: pci 0000:00:01.1: reg 0x20: [io  0xd000-0xd00f]
Jan 25 19:09:34 UbuntuDesktop kernel: pci 0000:00:01.1: legacy IDE quirk: reg 0x10: [io  0x01f0-0x01f7]
Jan 25 19:09:34 UbuntuDesktop kernel: pci 0000:00:01.1: legacy IDE quirk: reg 0x14: [io  0x03f6]
Jan 25 19:09:34 UbuntuDesktop kernel: pci 0000:00:01.1: legacy IDE quirk: reg 0x18: [io  0x0170-0x0177]
Jan 25 19:09:34 UbuntuDesktop kernel: pci 0000:00:01.1: legacy IDE quirk: reg 0x1c: [io  0x0376]
Jan 25 19:09:34 UbuntuDesktop kernel: pci 0000:00:02.0: [15ad:0405] type 00 class 0x030000
Jan 25 19:09:34 UbuntuDesktop kernel: pci 0000:00:02.0: reg 0x10: [io  0xd010-0xd01f]
Jan 25 19:09:34 UbuntuDesktop kernel: pci 0000:00:02.0: reg 0x14: [mem 0xe0000000-0xe0ffffff pref]
Jan 25 19:09:34 UbuntuDesktop kernel: pci 0000:00:02.0: reg 0x18: [mem 0xf0000000-0xf01fffff]
Jan 25 19:09:34 UbuntuDesktop kernel: pci 0000:00:03.0: [8086:100e] type 00 class 0x020000
Jan 25 19:09:34 UbuntuDesktop kernel: pci 0000:00:03.0: reg 0x10: [mem 0xf0200000-0xf021ffff]
Jan 25 19:09:34 UbuntuDesktop kernel: pci 0000:00:03.0: reg 0x18: [io  0xd020-0xd027]
Jan 25 19:09:34 UbuntuDesktop kernel: pci 0000:00:04.0: [80ee:cafe] type 00 class 0x088000
Jan 25 19:09:34 UbuntuDesktop kernel: pci 0000:00:04.0: reg 0x10: [io  0xd040-0xd05f]
Jan 25 19:09:34 UbuntuDesktop kernel: pci 0000:00:04.0: reg 0x14: [mem 0xf0400000-0xf07fffff]
Jan 25 19:09:34 UbuntuDesktop kernel: pci 0000:00:04.0: reg 0x18: [mem 0xf0800000-0xf0803fff pref]
Jan 25 19:09:34 UbuntuDesktop kernel: pci 0000:00:05.0: [8086:2415] type 00 class 0x040100
Jan 25 19:09:34 UbuntuDesktop kernel: pci 0000:00:05.0: reg 0x10: [io  0xd100-0xd1ff]
Jan 25 19:09:34 UbuntuDesktop kernel: pci 0000:00:05.0: reg 0x14: [io  0xd200-0xd23f]
Jan 25 19:09:34 UbuntuDesktop kernel: pci 0000:00:06.0: [106b:003f] type 00 class 0x0c0310
Jan 25 19:09:34 UbuntuDesktop kernel: pci 0000:00:06.0: reg 0x10: [mem 0xf0804000-0xf0804fff]
Jan 25 19:09:35 UbuntuDesktop kernel: pci 0000:00:07.0: [8086:7113] type 00 class 0x068000
Jan 25 19:09:35 UbuntuDesktop kernel: pci 0000:00:07.0: quirk: [io  0x4000-0x403f] claimed by PIIX4 ACPI
Jan 25 19:09:35 UbuntuDesktop kernel: pci 0000:00:07.0: quirk: [io  0x4100-0x410f] claimed by PIIX4 SMB
Jan 25 19:09:35 UbuntuDesktop kernel: pci 0000:00:0d.0: [8086:2829] type 00 class 0x010601
Jan 25 19:09:35 UbuntuDesktop kernel: pci 0000:00:0d.0: reg 0x10: [io  0xd240-0xd247]
Jan 25 19:09:35 UbuntuDesktop kernel: pci 0000:00:0d.0: reg 0x14: [io  0xd248-0xd24b]
Jan 25 19:09:35 UbuntuDesktop kernel: pci 0000:00:0d.0: reg 0x18: [io  0xd250-0xd257]
Jan 25 19:09:35 UbuntuDesktop kernel: pci 0000:00:0d.0: reg 0x1c: [io  0xd258-0xd25b]
Jan 25 19:09:35 UbuntuDesktop kernel: pci 0000:00:0d.0: reg 0x20: [io  0xd260-0xd26f]
Jan 25 19:09:35 UbuntuDesktop kernel: pci 0000:00:0d.0: reg 0x24: [mem 0xf0806000-0xf0807fff]
Jan 25 19:09:35 UbuntuDesktop kernel: ACPI: PCI Interrupt Link [LNKA] (IRQs 5 9 10 *11)
Jan 25 19:09:35 UbuntuDesktop kernel: ACPI: PCI Interrupt Link [LNKB] (IRQs 5 9 *10 11)
Jan 25 19:09:35 UbuntuDesktop kernel: ACPI: PCI Interrupt Link [LNKC] (IRQs 5 *9 10 11)
Jan 25 19:09:35 UbuntuDesktop kernel: ACPI: PCI Interrupt Link [LNKD] (IRQs 5 9 10 *11)
Jan 25 19:09:35 UbuntuDesktop kernel: SCSI subsystem initialized
Jan 25 19:09:35 UbuntuDesktop kernel: libata version 3.00 loaded.
Jan 25 19:09:35 UbuntuDesktop kernel: pci 0000:00:02.0: vgaarb: setting as boot VGA device
Jan 25 19:09:35 UbuntuDesktop kernel: pci 0000:00:02.0: vgaarb: VGA device added: decodes=io+mem,owns=io+mem,locks=none
Jan 25 19:09:35 UbuntuDesktop kernel: pci 0000:00:02.0: vgaarb: bridge control possible
Jan 25 19:09:35 UbuntuDesktop kernel: vgaarb: loaded
Jan 25 19:09:35 UbuntuDesktop kernel: ACPI: bus type USB registered
Jan 25 19:09:35 UbuntuDesktop kernel: usbcore: registered new interface driver usbfs
Jan 25 19:09:35 UbuntuDesktop kernel: usbcore: registered new interface driver hub
Jan 25 19:09:35 UbuntuDesktop kernel: usbcore: registered new device driver usb
Jan 25 19:09:35 UbuntuDesktop kernel: pps_core: LinuxPPS API ver. 1 registered
Jan 25 19:09:35 UbuntuDesktop kernel: pps_core: Software ver. 5.3.6 - Copyright 2005-2007 Rodolfo Giometti <giometti@linux.it>
Jan 25 19:09:35 UbuntuDesktop kernel: PTP clock support registered
Jan 25 19:09:35 UbuntuDesktop kernel: EDAC MC: Ver: 3.0.0
Jan 25 19:09:35 UbuntuDesktop kernel: PCI: Using ACPI for IRQ routing
Jan 25 19:09:35 UbuntuDesktop kernel: PCI: pci_cache_line_size set to 64 bytes
Jan 25 19:09:35 UbuntuDesktop kernel: e820: reserve RAM buffer [mem 0x0009fc00-0x0009ffff]
Jan 25 19:09:35 UbuntuDesktop kernel: e820: reserve RAM buffer [mem 0xdfff0000-0xdfffffff]
Jan 25 19:09:35 UbuntuDesktop kernel: NetLabel: Initializing
Jan 25 19:09:35 UbuntuDesktop kernel: NetLabel:  domain hash size = 128
Jan 25 19:09:35 UbuntuDesktop kernel: NetLabel:  protocols = UNLABELED CIPSOv4 CALIPSO
Jan 25 19:09:35 UbuntuDesktop kernel: NetLabel:  unlabeled traffic allowed by default
Jan 25 19:09:35 UbuntuDesktop kernel: clocksource: Switched to clocksource kvm-clock
Jan 25 19:09:35 UbuntuDesktop kernel: VFS: Disk quotas dquot_6.6.0
Jan 25 19:09:35 UbuntuDesktop kernel: VFS: Dquot-cache hash table entries: 512 (order 0, 4096 bytes)
Jan 25 19:09:35 UbuntuDesktop kernel: AppArmor: AppArmor Filesystem Enabled
Jan 25 19:09:35 UbuntuDesktop kernel: pnp: PnP ACPI init
Jan 25 19:09:35 UbuntuDesktop kernel: pnp 00:00: Plug and Play ACPI device, IDs PNP0303 (active)
Jan 25 19:09:35 UbuntuDesktop kernel: pnp 00:01: Plug and Play ACPI device, IDs PNP0f03 (active)
Jan 25 19:09:35 UbuntuDesktop kernel: pnp: PnP ACPI: found 2 devices
Jan 25 19:09:35 UbuntuDesktop kernel: clocksource: acpi_pm: mask: 0xffffff max_cycles: 0xffffff, max_idle_ns: 2085701024 ns
Jan 25 19:09:35 UbuntuDesktop kernel: pci_bus 0000:00: resource 4 [io  0x0000-0x0cf7 window]
Jan 25 19:09:35 UbuntuDesktop kernel: pci_bus 0000:00: resource 5 [io  0x0d00-0xffff window]
Jan 25 19:09:35 UbuntuDesktop kernel: pci_bus 0000:00: resource 6 [mem 0x000a0000-0x000bffff window]
Jan 25 19:09:35 UbuntuDesktop kernel: pci_bus 0000:00: resource 7 [mem 0xe0000000-0xfdffffff window]
Jan 25 19:09:35 UbuntuDesktop kernel: NET: Registered protocol family 2
Jan 25 19:09:35 UbuntuDesktop kernel: tcp_listen_portaddr_hash hash table entries: 2048 (order: 3, 32768 bytes)
Jan 25 19:09:35 UbuntuDesktop kernel: TCP established hash table entries: 32768 (order: 6, 262144 bytes)
Jan 25 19:09:35 UbuntuDesktop kernel: TCP bind hash table entries: 32768 (order: 7, 524288 bytes)
Jan 25 19:09:35 UbuntuDesktop kernel: TCP: Hash tables configured (established 32768 bind 32768)
Jan 25 19:09:35 UbuntuDesktop kernel: UDP hash table entries: 2048 (order: 4, 65536 bytes)
Jan 25 19:09:35 UbuntuDesktop kernel: UDP-Lite hash table entries: 2048 (order: 4, 65536 bytes)
Jan 25 19:09:35 UbuntuDesktop kernel: NET: Registered protocol family 1
Jan 25 19:09:35 UbuntuDesktop kernel: NET: Registered protocol family 44
Jan 25 19:09:35 UbuntuDesktop kernel: pci 0000:00:00.0: Limiting direct PCI/PCI transfers
Jan 25 19:09:35 UbuntuDesktop kernel: pci 0000:00:01.0: Activating ISA DMA hang workarounds
Jan 25 19:09:35 UbuntuDesktop kernel: pci 0000:00:02.0: Video device with shadowed ROM at [mem 0x000c0000-0x000dffff]
Jan 25 19:09:35 UbuntuDesktop kernel: PCI: CLS 0 bytes, default 64
Jan 25 19:09:35 UbuntuDesktop kernel: Unpacking initramfs...
Jan 25 19:09:35 UbuntuDesktop kernel: Freeing initrd memory: 39280K
Jan 25 19:09:35 UbuntuDesktop kernel: PCI-DMA: Using software bounce buffering for IO (SWIOTLB)
Jan 25 19:09:35 UbuntuDesktop kernel: software IO TLB: mapped [mem 0xdbff0000-0xdfff0000] (64MB)
Jan 25 19:09:35 UbuntuDesktop kernel: clocksource: tsc: mask: 0xffffffffffffffff max_cycles: 0x2717880cafa, max_idle_ns: 440795252614 ns
Jan 25 19:09:35 UbuntuDesktop kernel: platform rtc_cmos: registered platform RTC device (no PNP device found)
Jan 25 19:09:35 UbuntuDesktop kernel: check: Scanning for low memory corruption every 60 seconds
Jan 25 19:09:35 UbuntuDesktop kernel: Initialise system trusted keyrings
Jan 25 19:09:35 UbuntuDesktop kernel: Key type blacklist registered
Jan 25 19:09:35 UbuntuDesktop kernel: workingset: timestamp_bits=36 max_order=20 bucket_order=0
Jan 25 19:09:35 UbuntuDesktop kernel: zbud: loaded
Jan 25 19:09:35 UbuntuDesktop kernel: squashfs: version 4.0 (2009/01/31) Phillip Lougher
Jan 25 19:09:35 UbuntuDesktop kernel: fuse init (API version 7.28)
Jan 25 19:09:35 UbuntuDesktop kernel: Key type asymmetric registered
Jan 25 19:09:35 UbuntuDesktop kernel: Asymmetric key parser 'x509' registered
Jan 25 19:09:35 UbuntuDesktop kernel: Block layer SCSI generic (bsg) driver version 0.4 loaded (major 243)
Jan 25 19:09:35 UbuntuDesktop kernel: io scheduler mq-deadline registered
Jan 25 19:09:35 UbuntuDesktop kernel: shpchp: Standard Hot Plug PCI Controller Driver version: 0.4
Jan 25 19:09:35 UbuntuDesktop kernel: intel_idle: Please enable MWAIT in BIOS SETUP
Jan 25 19:09:35 UbuntuDesktop kernel: ACPI: AC Adapter [AC] (on-line)
Jan 25 19:09:35 UbuntuDesktop kernel: input: Power Button as /devices/LNXSYSTM:00/LNXPWRBN:00/input/input0
Jan 25 19:09:35 UbuntuDesktop kernel: ACPI: Power Button [PWRF]
Jan 25 19:09:35 UbuntuDesktop kernel: input: Sleep Button as /devices/LNXSYSTM:00/LNXSLPBN:00/input/input1
Jan 25 19:09:35 UbuntuDesktop kernel: ACPI: Sleep Button [SLPF]
Jan 25 19:09:35 UbuntuDesktop kernel: Serial: 8250/16550 driver, 32 ports, IRQ sharing enabled
Jan 25 19:09:35 UbuntuDesktop kernel: battery: ACPI: Battery Slot [BAT0] (battery present)
Jan 25 19:09:35 UbuntuDesktop kernel: Linux agpgart interface v0.103
Jan 25 19:09:35 UbuntuDesktop kernel: loop: module loaded
Jan 25 19:09:35 UbuntuDesktop kernel: ata_piix 0000:00:01.1: version 2.13
Jan 25 19:09:35 UbuntuDesktop kernel: scsi host0: ata_piix
Jan 25 19:09:35 UbuntuDesktop kernel: scsi host1: ata_piix
Jan 25 19:09:35 UbuntuDesktop kernel: ata1: PATA max UDMA/33 cmd 0x1f0 ctl 0x3f6 bmdma 0xd000 irq 14
Jan 25 19:09:35 UbuntuDesktop kernel: ata2: PATA max UDMA/33 cmd 0x170 ctl 0x376 bmdma 0xd008 irq 15
Jan 25 19:09:35 UbuntuDesktop kernel: libphy: Fixed MDIO Bus: probed
Jan 25 19:09:35 UbuntuDesktop kernel: tun: Universal TUN/TAP device driver, 1.6
Jan 25 19:09:35 UbuntuDesktop kernel: PPP generic driver version 2.4.2
Jan 25 19:09:35 UbuntuDesktop kernel: ehci_hcd: USB 2.0 'Enhanced' Host Controller (EHCI) Driver
Jan 25 19:09:35 UbuntuDesktop kernel: ehci-pci: EHCI PCI platform driver
Jan 25 19:09:35 UbuntuDesktop kernel: ehci-platform: EHCI generic platform driver
Jan 25 19:09:35 UbuntuDesktop kernel: ohci_hcd: USB 1.1 'Open' Host Controller (OHCI) Driver
Jan 25 19:09:35 UbuntuDesktop kernel: ohci-pci: OHCI PCI platform driver
Jan 25 19:09:35 UbuntuDesktop kernel: ohci-pci 0000:00:06.0: OHCI PCI host controller
Jan 25 19:09:35 UbuntuDesktop kernel: ohci-pci 0000:00:06.0: new USB bus registered, assigned bus number 1
Jan 25 19:09:35 UbuntuDesktop kernel: ohci-pci 0000:00:06.0: irq 22, io mem 0xf0804000
Jan 25 19:09:35 UbuntuDesktop kernel: usb usb1: New USB device found, idVendor=1d6b, idProduct=0001, bcdDevice= 5.00
Jan 25 19:09:35 UbuntuDesktop kernel: usb usb1: New USB device strings: Mfr=3, Product=2, SerialNumber=1
Jan 25 19:09:35 UbuntuDesktop kernel: usb usb1: Product: OHCI PCI host controller
Jan 25 19:09:35 UbuntuDesktop kernel: usb usb1: Manufacturer: Linux 5.0.0-23-generic ohci_hcd
Jan 25 19:09:35 UbuntuDesktop kernel: usb usb1: SerialNumber: 0000:00:06.0
Jan 25 19:09:35 UbuntuDesktop kernel: hub 1-0:1.0: USB hub found
Jan 25 19:09:35 UbuntuDesktop kernel: hub 1-0:1.0: 12 ports detected
Jan 25 19:09:35 UbuntuDesktop kernel: ohci-platform: OHCI generic platform driver
Jan 25 19:09:35 UbuntuDesktop kernel: uhci_hcd: USB Universal Host Controller Interface driver
Jan 25 19:09:35 UbuntuDesktop kernel: i8042: PNP: PS/2 Controller [PNP0303:PS2K,PNP0f03:PS2M] at 0x60,0x64 irq 1,12
Jan 25 19:09:35 UbuntuDesktop kernel: serio: i8042 KBD port at 0x60,0x64 irq 1
Jan 25 19:09:35 UbuntuDesktop kernel: serio: i8042 AUX port at 0x60,0x64 irq 12
Jan 25 19:09:35 UbuntuDesktop kernel: mousedev: PS/2 mouse device common for all mice
Jan 25 19:09:35 UbuntuDesktop kernel: rtc_cmos rtc_cmos: registered as rtc0
Jan 25 19:09:35 UbuntuDesktop kernel: rtc_cmos rtc_cmos: alarms up to one day, 114 bytes nvram
Jan 25 19:09:35 UbuntuDesktop kernel: i2c /dev entries driver
Jan 25 19:09:35 UbuntuDesktop kernel: input: AT Translated Set 2 keyboard as /devices/platform/i8042/serio0/input/input2
Jan 25 19:09:35 UbuntuDesktop kernel: device-mapper: uevent: version 1.0.3
Jan 25 19:09:35 UbuntuDesktop kernel: device-mapper: ioctl: 4.39.0-ioctl (2018-04-03) initialised: dm-devel@redhat.com
Jan 25 19:09:35 UbuntuDesktop kernel: platform eisa.0: Probing EISA bus 0
Jan 25 19:09:35 UbuntuDesktop kernel: platform eisa.0: EISA: Cannot allocate resource for mainboard
Jan 25 19:09:35 UbuntuDesktop kernel: platform eisa.0: Cannot allocate resource for EISA slot 1
Jan 25 19:09:35 UbuntuDesktop kernel: platform eisa.0: Cannot allocate resource for EISA slot 2
Jan 25 19:09:35 UbuntuDesktop kernel: platform eisa.0: Cannot allocate resource for EISA slot 3
Jan 25 19:09:35 UbuntuDesktop kernel: platform eisa.0: Cannot allocate resource for EISA slot 4
Jan 25 19:09:35 UbuntuDesktop kernel: platform eisa.0: Cannot allocate resource for EISA slot 5
Jan 25 19:09:35 UbuntuDesktop kernel: platform eisa.0: Cannot allocate resource for EISA slot 6
Jan 25 19:09:35 UbuntuDesktop kernel: platform eisa.0: Cannot allocate resource for EISA slot 7
Jan 25 19:09:35 UbuntuDesktop kernel: platform eisa.0: Cannot allocate resource for EISA slot 8
Jan 25 19:09:35 UbuntuDesktop kernel: platform eisa.0: EISA: Detected 0 cards
Jan 25 19:09:35 UbuntuDesktop kernel: ledtrig-cpu: registered to indicate activity on CPUs
Jan 25 19:09:35 UbuntuDesktop kernel: NET: Registered protocol family 10
Jan 25 19:09:35 UbuntuDesktop kernel: Segment Routing with IPv6
Jan 25 19:09:35 UbuntuDesktop kernel: NET: Registered protocol family 17
Jan 25 19:09:35 UbuntuDesktop kernel: Key type dns_resolver registered
Jan 25 19:09:35 UbuntuDesktop kernel: RAS: Correctable Errors collector initialized.
Jan 25 19:09:35 UbuntuDesktop kernel: sched_clock: Marking stable (1283467054, 14859594)->(1406183538, -107856890)
Jan 25 19:09:35 UbuntuDesktop kernel: registered taskstats version 1
Jan 25 19:09:35 UbuntuDesktop kernel: Loading compiled-in X.509 certificates
Jan 25 19:09:35 UbuntuDesktop kernel: Loaded X.509 cert 'Build time autogenerated kernel key: caf27ed67be6a8d4c681ef3325a4613a9f2d2943'
Jan 25 19:09:35 UbuntuDesktop kernel: zswap: loaded using pool lzo/zbud
Jan 25 19:09:35 UbuntuDesktop kernel: Key type big_key registered
Jan 25 19:09:35 UbuntuDesktop kernel: Key type trusted registered
Jan 25 19:09:35 UbuntuDesktop kernel: Key type encrypted registered
Jan 25 19:09:35 UbuntuDesktop kernel: AppArmor: AppArmor sha1 policy hashing enabled
Jan 25 19:09:35 UbuntuDesktop kernel: ima: No TPM chip found, activating TPM-bypass!
Jan 25 19:09:35 UbuntuDesktop kernel: ima: Allocated hash algorithm: sha1
Jan 25 19:09:35 UbuntuDesktop kernel: No architecture policies found
Jan 25 19:09:35 UbuntuDesktop kernel: evm: Initialising EVM extended attributes:
Jan 25 19:09:35 UbuntuDesktop kernel: evm: security.selinux
Jan 25 19:09:35 UbuntuDesktop kernel: evm: security.SMACK64
Jan 25 19:09:35 UbuntuDesktop kernel: evm: security.SMACK64EXEC
Jan 25 19:09:35 UbuntuDesktop kernel: evm: security.SMACK64TRANSMUTE
Jan 25 19:09:35 UbuntuDesktop kernel: evm: security.SMACK64MMAP
Jan 25 19:09:35 UbuntuDesktop kernel: evm: security.apparmor
Jan 25 19:09:35 UbuntuDesktop kernel: evm: security.ima
Jan 25 19:09:35 UbuntuDesktop kernel: evm: security.capability
Jan 25 19:09:35 UbuntuDesktop kernel: evm: HMAC attrs: 0x1
Jan 25 19:09:35 UbuntuDesktop kernel:   Magic number: 5:535:153
Jan 25 19:09:35 UbuntuDesktop kernel: rtc_cmos rtc_cmos: setting system clock to 2021-01-26T00:09:32 UTC (1611619772)
Jan 25 19:09:35 UbuntuDesktop kernel: ata2.00: ATAPI: VBOX CD-ROM, 1.0, max UDMA/133
Jan 25 19:09:35 UbuntuDesktop kernel: scsi 1:0:0:0: CD-ROM            VBOX     CD-ROM           1.0  PQ: 0 ANSI: 5
Jan 25 19:09:35 UbuntuDesktop kernel: sr 1:0:0:0: [sr0] scsi3-mmc drive: 32x/32x xa/form2 tray
Jan 25 19:09:35 UbuntuDesktop kernel: cdrom: Uniform CD-ROM driver Revision: 3.20
Jan 25 19:09:35 UbuntuDesktop kernel: sr 1:0:0:0: Attached scsi CD-ROM sr0
Jan 25 19:09:35 UbuntuDesktop kernel: sr 1:0:0:0: Attached scsi generic sg0 type 5
Jan 25 19:09:35 UbuntuDesktop kernel: Freeing unused decrypted memory: 2040K
Jan 25 19:09:35 UbuntuDesktop kernel: Freeing unused kernel image memory: 2584K
Jan 25 19:09:35 UbuntuDesktop kernel: Write protecting the kernel read-only data: 22528k
Jan 25 19:09:35 UbuntuDesktop kernel: Freeing unused kernel image memory: 2016K
Jan 25 19:09:35 UbuntuDesktop kernel: Freeing unused kernel image memory: 1832K
Jan 25 19:09:35 UbuntuDesktop kernel: x86/mm: Checked W+X mappings: passed, no W+X pages found.
Jan 25 19:09:35 UbuntuDesktop kernel: x86/mm: Checking user space page tables
Jan 25 19:09:35 UbuntuDesktop kernel: x86/mm: Checked W+X mappings: passed, no W+X pages found.
Jan 25 19:09:35 UbuntuDesktop kernel: Run /init as init process
Jan 25 19:09:35 UbuntuDesktop kernel: ACPI: Video Device [GFX0] (multi-head: yes  rom: no  post: no)
Jan 25 19:09:35 UbuntuDesktop kernel: input: Video Bus as /devices/LNXSYSTM:00/LNXSYBUS:00/PNP0A03:00/LNXVIDEO:00/input/input4
Jan 25 19:09:35 UbuntuDesktop kernel: e1000: Intel(R) PRO/1000 Network Driver - version 7.3.21-k8-NAPI
Jan 25 19:09:35 UbuntuDesktop kernel: e1000: Copyright (c) 1999-2006 Intel Corporation.
Jan 25 19:09:35 UbuntuDesktop kernel: ahci 0000:00:0d.0: version 3.0
Jan 25 19:09:35 UbuntuDesktop kernel: piix4_smbus 0000:00:07.0: SMBus Host Controller at 0x4100, revision 0
Jan 25 19:09:35 UbuntuDesktop kernel: ahci 0000:00:0d.0: SSS flag set, parallel bus scan disabled
Jan 25 19:09:35 UbuntuDesktop kernel: ahci 0000:00:0d.0: AHCI 0001.0100 32 slots 1 ports 3 Gbps 0x1 impl SATA mode
Jan 25 19:09:35 UbuntuDesktop kernel: ahci 0000:00:0d.0: flags: 64bit ncq stag only ccc 
Jan 25 19:09:35 UbuntuDesktop kernel: scsi host2: ahci
Jan 25 19:09:35 UbuntuDesktop kernel: ata3: SATA max UDMA/133 abar m8192@0xf0806000 port 0xf0806100 irq 21
Jan 25 19:09:35 UbuntuDesktop kernel: usb 1-1: new full-speed USB device number 2 using ohci-pci
Jan 25 19:09:35 UbuntuDesktop kernel: input: ImExPS/2 Generic Explorer Mouse as /devices/platform/i8042/serio1/input/input5
Jan 25 19:09:35 UbuntuDesktop kernel: ata3: SATA link up 3.0 Gbps (SStatus 123 SControl 300)
Jan 25 19:09:35 UbuntuDesktop kernel: ata3.00: ATA-6: VBOX HARDDISK, 1.0, max UDMA/133
Jan 25 19:09:35 UbuntuDesktop kernel: ata3.00: 84541440 sectors, multi 128: LBA48 NCQ (depth 32)
Jan 25 19:09:35 UbuntuDesktop kernel: ata3.00: configured for UDMA/133
Jan 25 19:09:35 UbuntuDesktop kernel: scsi 2:0:0:0: Direct-Access     ATA      VBOX HARDDISK    1.0  PQ: 0 ANSI: 5
Jan 25 19:09:35 UbuntuDesktop kernel: sd 2:0:0:0: [sda] 84541440 512-byte logical blocks: (43.3 GB/40.3 GiB)
Jan 25 19:09:35 UbuntuDesktop kernel: sd 2:0:0:0: [sda] Write Protect is off
Jan 25 19:09:35 UbuntuDesktop kernel: sd 2:0:0:0: [sda] Mode Sense: 00 3a 00 00
Jan 25 19:09:35 UbuntuDesktop kernel: sd 2:0:0:0: [sda] Write cache: enabled, read cache: enabled, doesn't support DPO or FUA
Jan 25 19:09:35 UbuntuDesktop kernel:  sda: sda1
Jan 25 19:09:35 UbuntuDesktop kernel: sd 2:0:0:0: [sda] Attached SCSI disk
Jan 25 19:09:35 UbuntuDesktop kernel: sd 2:0:0:0: Attached scsi generic sg1 type 0
Jan 25 19:09:35 UbuntuDesktop kernel: usb 1-1: New USB device found, idVendor=80ee, idProduct=0021, bcdDevice= 1.00
Jan 25 19:09:35 UbuntuDesktop kernel: usb 1-1: New USB device strings: Mfr=1, Product=3, SerialNumber=0
Jan 25 19:09:35 UbuntuDesktop kernel: usb 1-1: Product: USB Tablet
Jan 25 19:09:35 UbuntuDesktop kernel: usb 1-1: Manufacturer: VirtualBox
Jan 25 19:09:35 UbuntuDesktop kernel: hidraw: raw HID events driver (C) Jiri Kosina
Jan 25 19:09:35 UbuntuDesktop kernel: e1000 0000:00:03.0 eth0: (PCI:33MHz:32-bit) 08:00:27:79:bc:c9
Jan 25 19:09:35 UbuntuDesktop kernel: e1000 0000:00:03.0 eth0: Intel(R) PRO/1000 Network Connection
Jan 25 19:09:35 UbuntuDesktop kernel: usbcore: registered new interface driver usbhid
Jan 25 19:09:35 UbuntuDesktop kernel: usbhid: USB HID core driver
Jan 25 19:09:35 UbuntuDesktop kernel: e1000 0000:00:03.0 enp0s3: renamed from eth0
Jan 25 19:09:35 UbuntuDesktop kernel: input: VirtualBox USB Tablet as /devices/pci0000:00/0000:00:06.0/usb1/1-1/1-1:1.0/0003:80EE:0021.0001/input/input6
Jan 25 19:09:35 UbuntuDesktop kernel: hid-generic 0003:80EE:0021.0001: input,hidraw0: USB HID v1.10 Mouse [VirtualBox USB Tablet] on usb-0000:00:06.0-1/input0
Jan 25 19:09:35 UbuntuDesktop kernel: EXT4-fs (sda1): mounted filesystem with ordered data mode. Opts: (null)
Jan 25 19:09:35 UbuntuDesktop systemd[1]: systemd 237 running in system mode. (+PAM +AUDIT +SELINUX +IMA +APPARMOR +SMACK +SYSVINIT +UTMP +LIBCRYPTSETUP +GCRYPT +GNUTLS +ACL +XZ +LZ4 +SECCOMP +BLKID +ELFUTILS +KMOD -IDN2 +IDN -PCRE2 default-hierarchy=hybrid)
Jan 25 19:09:35 UbuntuDesktop systemd[1]: Detected virtualization oracle.
Jan 25 19:09:35 UbuntuDesktop systemd[1]: Detected architecture x86-64.
Jan 25 19:09:35 UbuntuDesktop systemd[1]: Set hostname to <UbuntuDesktop>.
Jan 25 19:09:35 UbuntuDesktop systemd[1]: Reached target Remote File Systems.
Jan 25 19:09:35 UbuntuDesktop systemd[1]: Started Forward Password Requests to Wall Directory Watch.
Jan 25 19:09:35 UbuntuDesktop systemd[1]: Reached target System Time Synchronized.
Jan 25 19:09:35 UbuntuDesktop systemd[1]: Created slice System Slice.
Jan 25 19:09:35 UbuntuDesktop systemd[1]: Listening on udev Kernel Socket.
Jan 25 19:09:35 UbuntuDesktop systemd[1]: Created slice system-postfix.slice.
Jan 25 19:09:35 UbuntuDesktop kernel: EXT4-fs (sda1): re-mounted. Opts: errors=remount-ro
Jan 25 19:09:35 UbuntuDesktop kernel: lp: driver loaded but no devices found
Jan 25 19:09:35 UbuntuDesktop kernel: ppdev: user-space parallel port driver
Jan 25 19:09:35 UbuntuDesktop kernel: Adding 1958148k swap on /swapfile.  Priority:-2 extents:6 across:2121988k FS
Jan 25 19:09:35 UbuntuDesktop systemd-journald[288]: Journal started
Jan 25 19:09:35 UbuntuDesktop systemd-journald[288]: Runtime journal (/run/log/journal/e5853fe375964d39b27025eb6608e969) is 4.9M, max 39.4M, 34.4M free.
Jan 25 19:09:35 UbuntuDesktop systemd-modules-load[283]: Inserted module 'lp'
Jan 25 19:09:35 UbuntuDesktop systemd-modules-load[283]: Inserted module 'ppdev'
Jan 25 19:09:35 UbuntuDesktop systemd-modules-load[283]: Inserted module 'parport_pc'
Jan 25 19:09:35 UbuntuDesktop systemd[1]: Starting Flush Journal to Persistent Storage...
Jan 25 19:09:35 UbuntuDesktop systemd-journald[288]: Time spent on flushing to /var is 446.724ms for 466 entries.
Jan 25 19:09:35 UbuntuDesktop systemd-journald[288]: System journal (/var/log/journal/e5853fe375964d39b27025eb6608e969) is 160.0M, max 3.9G, 3.7G free.
Jan 25 19:09:35 UbuntuDesktop kernel: vboxguest: loading out-of-tree module taints kernel.
Jan 25 19:09:35 UbuntuDesktop kernel: vboxguest: module verification failed: signature and/or required key missing - tainting kernel
Jan 25 19:09:35 UbuntuDesktop kernel: vgdrvHeartbeatInit: Setting up heartbeat to trigger every 2000 milliseconds
Jan 25 19:09:35 UbuntuDesktop kernel: input: Unspecified device as /devices/pci0000:00/0000:00:04.0/input/input7
Jan 25 19:09:35 UbuntuDesktop kernel: vboxguest: Successfully loaded version 6.1.12
Jan 25 19:09:35 UbuntuDesktop kernel: vboxguest: misc device minor 54, IRQ 20, I/O port d040, MMIO at 00000000f0400000 (size 0x400000)
Jan 25 19:09:35 UbuntuDesktop kernel: vboxguest: Successfully loaded version 6.1.12 (interface 0x00010004)
Jan 25 19:09:35 UbuntuDesktop kernel: vboxsf: g_fHostFeatures=0x8000000f g_fSfFeatures=0x1 g_uSfLastFunction=29
Jan 25 19:09:35 UbuntuDesktop kernel: vboxsf: Successfully loaded version 6.1.12
Jan 25 19:09:35 UbuntuDesktop kernel: vboxsf: Successfully loaded version 6.1.12 on 5.0.0-23-generic SMP mod_unload  (LINUX_VERSION_CODE=0x5000f)
Jan 25 19:09:35 UbuntuDesktop kernel: vboxsf: SHFL_FN_MAP_FOLDER failed for '/vagrant': share not found
Jan 25 19:09:35 UbuntuDesktop kernel: vbsf_read_super_aux err=-6
Jan 25 19:09:35 UbuntuDesktop systemd[1]: Started udev Coldplug all Devices.
Jan 25 19:09:35 UbuntuDesktop systemd[1]: Started Set the console keyboard layout.
Jan 25 19:09:35 UbuntuDesktop systemd[1]: Reached target Local File Systems (Pre).
Jan 25 19:09:35 UbuntuDesktop systemd[1]: Reached target Local File Systems.
Jan 25 19:09:35 UbuntuDesktop systemd[1]: Starting Enable support for additional executable binary formats...
Jan 25 19:09:35 UbuntuDesktop apparmor[314]:  * Starting AppArmor profiles
Jan 25 19:09:35 UbuntuDesktop systemd[1]: Starting Clean up any mess left by 0dns-up...
Jan 25 19:09:35 UbuntuDesktop systemd[1]: Starting Tell Plymouth To Write Out Runtime Data...
Jan 25 19:09:35 UbuntuDesktop systemd[1]: Starting AppArmor initialization...
Jan 25 19:09:35 UbuntuDesktop systemd[1]: Starting Set console font and keymap...
Jan 25 19:09:35 UbuntuDesktop systemd[1]: Mounting Mount unit for typora-alanzanattadev, revision 2...
Jan 25 19:09:35 UbuntuDesktop systemd[1]: Mounting Mount unit for gnome-logs, revision 100...
Jan 25 19:09:35 UbuntuDesktop systemd[1]: Mounting Mount unit for core, revision 10444...
Jan 25 19:09:35 UbuntuDesktop systemd[1]: Mounting Mount unit for gnome-3-28-1804, revision 145...
Jan 25 19:09:35 UbuntuDesktop systemd[1]: Mounting Mount unit for gtk-common-themes, revision 1353...
Jan 25 19:09:35 UbuntuDesktop systemd[1]: Mounting Mount unit for gnome-3-34-1804, revision 66...
Jan 25 19:09:35 UbuntuDesktop systemd[1]: Mounting Mount unit for gnome-logs, revision 81...
Jan 25 19:09:35 UbuntuDesktop systemd[1]: Mounting Mount unit for gnome-calculator, revision 826...
Jan 25 19:09:35 UbuntuDesktop systemd[1]: Mounting Mount unit for gnome-3-28-1804, revision 91...
Jan 25 19:09:35 UbuntuDesktop systemd[1]: Mounting Mount unit for gnome-3-34-1804, revision 60...
Jan 25 19:09:35 UbuntuDesktop systemd[1]: Mounting Mount unit for gtk-common-themes, revision 1514...
Jan 25 19:09:35 UbuntuDesktop systemd[1]: Mounting Mount unit for gnome-system-monitor, revision 148...
Jan 25 19:09:35 UbuntuDesktop systemd[1]: Mounting Mount unit for core, revision 10583...
Jan 25 19:09:35 UbuntuDesktop systemd[1]: Mounting Mount unit for code, revision 52...
Jan 25 19:09:35 UbuntuDesktop systemd[1]: Mounting Mount unit for code, revision 50...
Jan 25 19:09:35 UbuntuDesktop systemd[1]: Mounting Mount unit for core18, revision 1932...
Jan 25 19:09:35 UbuntuDesktop systemd[1]: Mounting /vagrant...
Jan 25 19:09:35 UbuntuDesktop systemd[1]: Mounting Mount unit for gnome-characters, revision 570...
Jan 25 19:09:35 UbuntuDesktop systemd[1]: Mounting Mount unit for gnome-characters, revision 359...
Jan 25 19:09:35 UbuntuDesktop systemd[1]: Mounting Mount unit for core18, revision 1944...
Jan 25 19:09:35 UbuntuDesktop systemd[1]: Mounting Mount unit for gnome-calculator, revision 544...
Jan 25 19:09:35 UbuntuDesktop systemd[1]: Mounting Mount unit for gnome-system-monitor, revision 107...
Jan 25 19:09:35 UbuntuDesktop systemd[1]: Started udev Kernel Device Manager.
Jan 25 19:09:35 UbuntuDesktop systemd[1]: Started Tell Plymouth To Write Out Runtime Data.
Jan 25 19:09:35 UbuntuDesktop systemd[1]: Started Set console font and keymap.
Jan 25 19:09:35 UbuntuDesktop systemd[1]: Mounted Mount unit for typora-alanzanattadev, revision 2.
Jan 25 19:09:35 UbuntuDesktop systemd[1]: proc-sys-fs-binfmt_misc.automount: Got automount request for /proc/sys/fs/binfmt_misc, triggered by 311 (update-binfmts)
Jan 25 19:09:35 UbuntuDesktop systemd[1]: Mounting Arbitrary Executable File Formats File System...
Jan 25 19:09:35 UbuntuDesktop systemd[1]: Starting Show Plymouth Boot Screen...
Jan 25 19:09:35 UbuntuDesktop systemd[1]: Mounted Mount unit for gnome-logs, revision 100.
Jan 25 19:09:35 UbuntuDesktop systemd[1]: Mounted Mount unit for gtk-common-themes, revision 1353.
Jan 25 19:09:35 UbuntuDesktop systemd[1]: Mounted /vagrant.
Jan 25 19:09:35 UbuntuDesktop systemd[1]: Started Clean up any mess left by 0dns-up.
Jan 25 19:09:35 UbuntuDesktop systemd[1]: Starting Nameserver information manager...
Jan 25 19:09:35 UbuntuDesktop systemd[1]: Mounted Mount unit for core, revision 10444.
Jan 25 19:09:35 UbuntuDesktop systemd[1]: Mounted Mount unit for gnome-3-34-1804, revision 66.
Jan 25 19:09:35 UbuntuDesktop systemd[1]: Mounted Arbitrary Executable File Formats File System.
Jan 25 19:09:35 UbuntuDesktop systemd[1]: Started Enable support for additional executable binary formats.
Jan 25 19:09:35 UbuntuDesktop systemd[1]: Started Nameserver information manager.
Jan 25 19:09:35 UbuntuDesktop systemd[1]: Started Show Plymouth Boot Screen.
Jan 25 19:09:35 UbuntuDesktop systemd[1]: Reached target Local Encrypted Volumes.
Jan 25 19:09:35 UbuntuDesktop systemd[1]: Started Forward Password Requests to Plymouth Directory Watch.
Jan 25 19:09:35 UbuntuDesktop systemd[1]: Mounted Mount unit for gnome-logs, revision 81.
Jan 25 19:09:35 UbuntuDesktop systemd[1]: Mounted Mount unit for gnome-3-34-1804, revision 60.
Jan 25 19:09:35 UbuntuDesktop systemd[1]: Mounted Mount unit for gnome-calculator, revision 544.
Jan 25 19:09:35 UbuntuDesktop systemd[1]: Started Flush Journal to Persistent Storage.
Jan 25 19:09:35 UbuntuDesktop systemd[1]: Starting Create Volatile Files and Directories...
Jan 25 19:09:35 UbuntuDesktop systemd[1]: Mounted Mount unit for gtk-common-themes, revision 1514.
Jan 25 19:09:35 UbuntuDesktop systemd[1]: Mounted Mount unit for gnome-characters, revision 359.
Jan 25 19:09:35 UbuntuDesktop systemd[1]: Mounted Mount unit for core18, revision 1932.
Jan 25 19:09:35 UbuntuDesktop systemd[1]: Started Create Volatile Files and Directories.
Jan 25 19:09:35 UbuntuDesktop systemd[1]: Starting Network Name Resolution...
Jan 25 19:09:35 UbuntuDesktop systemd[1]: Starting Update UTMP about System Boot/Shutdown...
Jan 25 19:09:35 UbuntuDesktop systemd[1]: Mounted Mount unit for gnome-system-monitor, revision 148.
Jan 25 19:09:35 UbuntuDesktop systemd[1]: Mounted Mount unit for gnome-characters, revision 570.
Jan 25 19:09:35 UbuntuDesktop systemd[1]: Mounted Mount unit for gnome-3-28-1804, revision 91.
Jan 25 19:09:35 UbuntuDesktop systemd[1]: Mounted Mount unit for code, revision 50.
Jan 25 19:09:35 UbuntuDesktop systemd[1]: Mounted Mount unit for core18, revision 1944.
Jan 25 19:09:35 UbuntuDesktop systemd[1]: Mounted Mount unit for gnome-system-monitor, revision 107.
Jan 25 19:09:35 UbuntuDesktop systemd[1]: Started Update UTMP about System Boot/Shutdown.
Jan 25 19:09:36 UbuntuDesktop systemd[1]: Mounted Mount unit for gnome-calculator, revision 826.
Jan 25 19:09:36 UbuntuDesktop systemd[1]: Mounted Mount unit for core, revision 10583.
Jan 25 19:09:36 UbuntuDesktop systemd[1]: Mounted Mount unit for gnome-3-28-1804, revision 145.
Jan 25 19:09:36 UbuntuDesktop systemd[1]: Mounted Mount unit for code, revision 52.
Jan 25 19:09:36 UbuntuDesktop systemd-resolved[409]: Positive Trust Anchors:
Jan 25 19:09:36 UbuntuDesktop systemd-resolved[409]: . IN DS 19036 8 2 49aac11d7b6f6446702e54a1607371607a1a41855200fd2ce1cdde32f24e8fb5
Jan 25 19:09:36 UbuntuDesktop systemd-resolved[409]: . IN DS 20326 8 2 e06d44b80b8f1d39a95c0b0d7c65d08458e880409bbc683457104237c7f8ec8d
Jan 25 19:09:36 UbuntuDesktop systemd-resolved[409]: Negative trust anchors: 10.in-addr.arpa 16.172.in-addr.arpa 17.172.in-addr.arpa 18.172.in-addr.arpa 19.172.in-addr.arpa 20.172.in-addr.arpa 21.172.in-addr.arpa 22.172.in-addr.arpa 23.172.in-addr.arpa 24.172.in-addr.arpa 25.172.in-addr.arpa 26.172.in-addr.arpa 27.172.in-addr.arpa 28.172.in-addr.arpa 29.172.in-addr.arpa 30.172.in-addr.arpa 31.172.in-addr.arpa 168.192.in-addr.arpa d.f.ip6.arpa corp home internal intranet lan local private test
Jan 25 19:09:36 UbuntuDesktop systemd-resolved[409]: Using system hostname 'UbuntuDesktop'.
Jan 25 19:09:36 UbuntuDesktop systemd[1]: Started Network Name Resolution.
Jan 25 19:09:36 UbuntuDesktop systemd[1]: Reached target Host and Network Name Lookups.
Jan 25 19:09:36 UbuntuDesktop audit[472]: AVC apparmor="STATUS" operation="profile_load" profile="unconfined" name="/sbin/dhclient" pid=472 comm="apparmor_parser"
Jan 25 19:09:36 UbuntuDesktop audit[472]: AVC apparmor="STATUS" operation="profile_load" profile="unconfined" name="/usr/lib/NetworkManager/nm-dhcp-client.action" pid=472 comm="apparmor_parser"
Jan 25 19:09:36 UbuntuDesktop kernel: audit: type=1400 audit(1611619776.404:2): apparmor="STATUS" operation="profile_load" profile="unconfined" name="/sbin/dhclient" pid=472 comm="apparmor_parser"
Jan 25 19:09:36 UbuntuDesktop kernel: audit: type=1400 audit(1611619776.404:3): apparmor="STATUS" operation="profile_load" profile="unconfined" name="/usr/lib/NetworkManager/nm-dhcp-client.action" pid=472 comm="apparmor_parser"
Jan 25 19:09:36 UbuntuDesktop kernel: audit: type=1400 audit(1611619776.404:4): apparmor="STATUS" operation="profile_load" profile="unconfined" name="/usr/lib/NetworkManager/nm-dhcp-helper" pid=472 comm="apparmor_parser"
Jan 25 19:09:36 UbuntuDesktop kernel: audit: type=1400 audit(1611619776.404:5): apparmor="STATUS" operation="profile_load" profile="unconfined" name="/usr/lib/connman/scripts/dhclient-script" pid=472 comm="apparmor_parser"
Jan 25 19:09:36 UbuntuDesktop audit[472]: AVC apparmor="STATUS" operation="profile_load" profile="unconfined" name="/usr/lib/NetworkManager/nm-dhcp-helper" pid=472 comm="apparmor_parser"
Jan 25 19:09:36 UbuntuDesktop audit[472]: AVC apparmor="STATUS" operation="profile_load" profile="unconfined" name="/usr/lib/connman/scripts/dhclient-script" pid=472 comm="apparmor_parser"
Jan 25 19:09:36 UbuntuDesktop apparmor[314]: Skipping profile in /etc/apparmor.d/disable: usr.bin.firefox
Jan 25 19:09:36 UbuntuDesktop audit[475]: AVC apparmor="STATUS" operation="profile_load" profile="unconfined" name="/usr/bin/man" pid=475 comm="apparmor_parser"
Jan 25 19:09:36 UbuntuDesktop audit[475]: AVC apparmor="STATUS" operation="profile_load" profile="unconfined" name="man_filter" pid=475 comm="apparmor_parser"
Jan 25 19:09:36 UbuntuDesktop audit[475]: AVC apparmor="STATUS" operation="profile_load" profile="unconfined" name="man_groff" pid=475 comm="apparmor_parser"
Jan 25 19:09:36 UbuntuDesktop kernel: audit: type=1400 audit(1611619776.448:6): apparmor="STATUS" operation="profile_load" profile="unconfined" name="/usr/bin/man" pid=475 comm="apparmor_parser"
Jan 25 19:09:36 UbuntuDesktop kernel: audit: type=1400 audit(1611619776.448:7): apparmor="STATUS" operation="profile_load" profile="unconfined" name="man_filter" pid=475 comm="apparmor_parser"
Jan 25 19:09:36 UbuntuDesktop kernel: audit: type=1400 audit(1611619776.448:8): apparmor="STATUS" operation="profile_load" profile="unconfined" name="man_groff" pid=475 comm="apparmor_parser"
Jan 25 19:09:36 UbuntuDesktop audit[476]: AVC apparmor="STATUS" operation="profile_load" profile="unconfined" name="/usr/lib/snapd/snap-confine" pid=476 comm="apparmor_parser"
Jan 25 19:09:36 UbuntuDesktop audit[476]: AVC apparmor="STATUS" operation="profile_load" profile="unconfined" name="/usr/lib/snapd/snap-confine//mount-namespace-capture-helper" pid=476 comm="apparmor_parser"
Jan 25 19:09:36 UbuntuDesktop kernel: audit: type=1400 audit(1611619776.464:9): apparmor="STATUS" operation="profile_load" profile="unconfined" name="/usr/lib/snapd/snap-confine" pid=476 comm="apparmor_parser"
Jan 25 19:09:36 UbuntuDesktop kernel: audit: type=1400 audit(1611619776.464:10): apparmor="STATUS" operation="profile_load" profile="unconfined" name="/usr/lib/snapd/snap-confine//mount-namespace-capture-helper" pid=476 comm="apparmor_parser"
Jan 25 19:09:36 UbuntuDesktop audit[473]: AVC apparmor="STATUS" operation="profile_load" profile="unconfined" name="/usr/bin/evince" pid=473 comm="apparmor_parser"
Jan 25 19:09:36 UbuntuDesktop audit[473]: AVC apparmor="STATUS" operation="profile_load" profile="unconfined" name="/usr/bin/evince//sanitized_helper" pid=473 comm="apparmor_parser"
Jan 25 19:09:36 UbuntuDesktop audit[473]: AVC apparmor="STATUS" operation="profile_load" profile="unconfined" name="/usr/bin/evince-previewer" pid=473 comm="apparmor_parser"
Jan 25 19:09:36 UbuntuDesktop audit[473]: AVC apparmor="STATUS" operation="profile_load" profile="unconfined" name="/usr/bin/evince-previewer//sanitized_helper" pid=473 comm="apparmor_parser"
Jan 25 19:09:36 UbuntuDesktop audit[473]: AVC apparmor="STATUS" operation="profile_load" profile="unconfined" name="/usr/bin/evince-thumbnailer" pid=473 comm="apparmor_parser"
Jan 25 19:09:36 UbuntuDesktop audit[477]: AVC apparmor="STATUS" operation="profile_load" profile="unconfined" name="/usr/sbin/cups-browsed" pid=477 comm="apparmor_parser"
Jan 25 19:09:36 UbuntuDesktop audit[479]: AVC apparmor="STATUS" operation="profile_load" profile="unconfined" name="/usr/sbin/ippusbxd" pid=479 comm="apparmor_parser"
Jan 25 19:09:36 UbuntuDesktop apparmor[314]: Skipping profile in /etc/apparmor.d/disable: usr.sbin.rsyslogd
Jan 25 19:09:36 UbuntuDesktop audit[478]: AVC apparmor="STATUS" operation="profile_load" profile="unconfined" name="/usr/lib/cups/backend/cups-pdf" pid=478 comm="apparmor_parser"
Jan 25 19:09:36 UbuntuDesktop audit[478]: AVC apparmor="STATUS" operation="profile_load" profile="unconfined" name="/usr/sbin/cupsd" pid=478 comm="apparmor_parser"
Jan 25 19:09:36 UbuntuDesktop audit[478]: AVC apparmor="STATUS" operation="profile_load" profile="unconfined" name="/usr/sbin/cupsd//third_party" pid=478 comm="apparmor_parser"
Jan 25 19:09:36 UbuntuDesktop audit[481]: AVC apparmor="STATUS" operation="profile_load" profile="unconfined" name="/usr/sbin/tcpdump" pid=481 comm="apparmor_parser"
Jan 25 19:09:36 UbuntuDesktop kernel: kauditd_printk_skb: 11 callbacks suppressed
Jan 25 19:09:36 UbuntuDesktop kernel: audit: type=1400 audit(1611619776.536:22): apparmor="STATUS" operation="profile_load" profile="unconfined" name="snap.code.code" pid=495 comm="apparmor_parser"
Jan 25 19:09:36 UbuntuDesktop audit[495]: AVC apparmor="STATUS" operation="profile_load" profile="unconfined" name="snap.code.code" pid=495 comm="apparmor_parser"
Jan 25 19:09:36 UbuntuDesktop audit[496]: AVC apparmor="STATUS" operation="profile_load" profile="unconfined" name="snap.code.url-handler" pid=496 comm="apparmor_parser"
Jan 25 19:09:36 UbuntuDesktop kernel: audit: type=1400 audit(1611619776.564:23): apparmor="STATUS" operation="profile_load" profile="unconfined" name="snap.code.url-handler" pid=496 comm="apparmor_parser"
Jan 25 19:09:36 UbuntuDesktop audit[497]: AVC apparmor="STATUS" operation="profile_load" profile="unconfined" name="/snap/core/10583/usr/lib/snapd/snap-confine" pid=497 comm="apparmor_parser"
Jan 25 19:09:36 UbuntuDesktop audit[497]: AVC apparmor="STATUS" operation="profile_load" profile="unconfined" name="/snap/core/10583/usr/lib/snapd/snap-confine//mount-namespace-capture-helper" pid=497 comm="apparmor_parser"
Jan 25 19:09:36 UbuntuDesktop kernel: audit: type=1400 audit(1611619776.576:24): apparmor="STATUS" operation="profile_load" profile="unconfined" name="/snap/core/10583/usr/lib/snapd/snap-confine" pid=497 comm="apparmor_parser"
Jan 25 19:09:36 UbuntuDesktop kernel: audit: type=1400 audit(1611619776.576:25): apparmor="STATUS" operation="profile_load" profile="unconfined" name="/snap/core/10583/usr/lib/snapd/snap-confine//mount-namespace-capture-helper" pid=497 comm="apparmor_parser"
Jan 25 19:09:36 UbuntuDesktop audit[498]: AVC apparmor="STATUS" operation="profile_load" profile="unconfined" name="snap.core.hook.configure" pid=498 comm="apparmor_parser"
Jan 25 19:09:36 UbuntuDesktop kernel: audit: type=1400 audit(1611619776.612:26): apparmor="STATUS" operation="profile_load" profile="unconfined" name="snap.core.hook.configure" pid=498 comm="apparmor_parser"
Jan 25 19:09:36 UbuntuDesktop audit[499]: AVC apparmor="STATUS" operation="profile_load" profile="unconfined" name="snap.gnome-calculator.gnome-calculator" pid=499 comm="apparmor_parser"
Jan 25 19:09:36 UbuntuDesktop kernel: audit: type=1400 audit(1611619776.628:27): apparmor="STATUS" operation="profile_load" profile="unconfined" name="snap.gnome-calculator.gnome-calculator" pid=499 comm="apparmor_parser"
Jan 25 19:09:36 UbuntuDesktop audit[500]: AVC apparmor="STATUS" operation="profile_load" profile="unconfined" name="snap.gnome-characters.gnome-characters" pid=500 comm="apparmor_parser"
Jan 25 19:09:36 UbuntuDesktop audit[501]: AVC apparmor="STATUS" operation="profile_load" profile="unconfined" name="snap.gnome-logs.gnome-logs" pid=501 comm="apparmor_parser"
Jan 25 19:09:36 UbuntuDesktop kernel: audit: type=1400 audit(1611619776.680:28): apparmor="STATUS" operation="profile_load" profile="unconfined" name="snap.gnome-characters.gnome-characters" pid=500 comm="apparmor_parser"
Jan 25 19:09:36 UbuntuDesktop kernel: audit: type=1400 audit(1611619776.680:29): apparmor="STATUS" operation="profile_load" profile="unconfined" name="snap.gnome-logs.gnome-logs" pid=501 comm="apparmor_parser"
Jan 25 19:09:36 UbuntuDesktop audit[502]: AVC apparmor="STATUS" operation="profile_load" profile="unconfined" name="snap.gnome-system-monitor.gnome-system-monitor" pid=502 comm="apparmor_parser"
Jan 25 19:09:36 UbuntuDesktop kernel: audit: type=1400 audit(1611619776.708:30): apparmor="STATUS" operation="profile_load" profile="unconfined" name="snap.gnome-system-monitor.gnome-system-monitor" pid=502 comm="apparmor_parser"
Jan 25 19:09:36 UbuntuDesktop kernel: audit: type=1400 audit(1611619776.708:31): apparmor="STATUS" operation="profile_load" profile="unconfined" name="snap-update-ns.code" pid=504 comm="apparmor_parser"
Jan 25 19:09:36 UbuntuDesktop audit[504]: AVC apparmor="STATUS" operation="profile_load" profile="unconfined" name="snap-update-ns.code" pid=504 comm="apparmor_parser"
Jan 25 19:09:36 UbuntuDesktop audit[503]: AVC apparmor="STATUS" operation="profile_load" profile="unconfined" name="snap.typora-alanzanattadev.typora-alanzanattadev" pid=503 comm="apparmor_parser"
Jan 25 19:09:36 UbuntuDesktop audit[506]: AVC apparmor="STATUS" operation="profile_load" profile="unconfined" name="snap-update-ns.gnome-calculator" pid=506 comm="apparmor_parser"
Jan 25 19:09:36 UbuntuDesktop audit[505]: AVC apparmor="STATUS" operation="profile_load" profile="unconfined" name="snap-update-ns.core" pid=505 comm="apparmor_parser"
Jan 25 19:09:36 UbuntuDesktop audit[507]: AVC apparmor="STATUS" operation="profile_load" profile="unconfined" name="snap-update-ns.gnome-characters" pid=507 comm="apparmor_parser"
Jan 25 19:09:36 UbuntuDesktop audit[508]: AVC apparmor="STATUS" operation="profile_load" profile="unconfined" name="snap-update-ns.gnome-logs" pid=508 comm="apparmor_parser"
Jan 25 19:09:36 UbuntuDesktop audit[509]: AVC apparmor="STATUS" operation="profile_load" profile="unconfined" name="snap-update-ns.gnome-system-monitor" pid=509 comm="apparmor_parser"
Jan 25 19:09:36 UbuntuDesktop audit[510]: AVC apparmor="STATUS" operation="profile_load" profile="unconfined" name="snap-update-ns.typora-alanzanattadev" pid=510 comm="apparmor_parser"
Jan 25 19:09:36 UbuntuDesktop apparmor[314]:    ...done.
Jan 25 19:09:36 UbuntuDesktop systemd[1]: Started AppArmor initialization.
Jan 25 19:09:36 UbuntuDesktop systemd[1]: Reached target System Initialization.
Jan 25 19:09:36 UbuntuDesktop systemd[1]: Started Trigger anacron every hour.
Jan 25 19:09:36 UbuntuDesktop systemd[1]: Started Message of the Day.
Jan 25 19:09:36 UbuntuDesktop systemd[1]: Listening on Avahi mDNS/DNS-SD Stack Activation Socket.
Jan 25 19:09:36 UbuntuDesktop systemd[1]: Listening on ACPID Listen Socket.
Jan 25 19:09:36 UbuntuDesktop systemd[1]: Starting Socket activation for snappy daemon.
Jan 25 19:09:36 UbuntuDesktop systemd[1]: Started Daily Cleanup of Temporary Directories.
Jan 25 19:09:36 UbuntuDesktop systemd[1]: Started resolvconf-pull-resolved.path.
Jan 25 19:09:36 UbuntuDesktop systemd[1]: Listening on CUPS Scheduler.
Jan 25 19:09:36 UbuntuDesktop systemd[1]: Listening on D-Bus System Message Bus Socket.
Jan 25 19:09:36 UbuntuDesktop systemd[1]: Starting Docker Socket for the API.
Jan 25 19:09:36 UbuntuDesktop systemd[1]: Started CUPS Scheduler.
Jan 25 19:09:36 UbuntuDesktop systemd[1]: Started Discard unused blocks once a week.
Jan 25 19:09:36 UbuntuDesktop systemd[1]: Reached target Timers.
Jan 25 19:09:36 UbuntuDesktop systemd[1]: Started ACPI Events Check.
Jan 25 19:09:36 UbuntuDesktop systemd[1]: Reached target Paths.
Jan 25 19:09:36 UbuntuDesktop systemd[1]: Listening on UUID daemon activation socket.
Jan 25 19:09:36 UbuntuDesktop systemd[1]: Listening on Socket activation for snappy daemon.
Jan 25 19:09:36 UbuntuDesktop systemd[1]: Listening on Docker Socket for the API.
Jan 25 19:09:36 UbuntuDesktop systemd[1]: Reached target Sockets.
Jan 25 19:09:36 UbuntuDesktop systemd[1]: Reached target Basic System.
Jan 25 19:09:36 UbuntuDesktop systemd[1]: Starting Restore /etc/resolv.conf if the system crashed before the ppp link was shut down...
Jan 25 19:09:36 UbuntuDesktop systemd[1]: Reached target Login Prompts.
Jan 25 19:09:36 UbuntuDesktop systemd[1]: Starting Thermal Daemon Service...
Jan 25 19:09:36 UbuntuDesktop systemd[1]: Starting Avahi mDNS/DNS-SD Stack...
Jan 25 19:09:36 UbuntuDesktop systemd[1]: Starting LSB: Speech Dispatcher...
Jan 25 19:09:36 UbuntuDesktop systemd[1]: Started Run anacron jobs.
Jan 25 19:09:36 UbuntuDesktop systemd[1]: Started CUPS Scheduler.
Jan 25 19:09:36 UbuntuDesktop systemd[1]: Starting LSB: Record successful boot for GRUB...
Jan 25 19:09:36 UbuntuDesktop anacron[517]: Anacron 2.3 started on 2021-01-25
Jan 25 19:09:36 UbuntuDesktop systemd[1]: Starting LSB: automatic crash report generation...
Jan 25 19:09:36 UbuntuDesktop systemd[1]: Starting System Logging Service...
Jan 25 19:09:36 UbuntuDesktop systemd[1]: Starting Detect the available GPUs and deal with any system changes...
Jan 25 19:09:36 UbuntuDesktop systemd[1]: Starting Login Service...
Jan 25 19:09:36 UbuntuDesktop systemd[1]: Starting Snappy daemon...
Jan 25 19:09:36 UbuntuDesktop systemd[1]: Starting resolvconf-pull-resolved.service...
Jan 25 19:09:36 UbuntuDesktop systemd[1]: Starting Disk Manager...
Jan 25 19:09:36 UbuntuDesktop systemd[1]: Starting Modem Manager...
Jan 25 19:09:36 UbuntuDesktop anacron[517]: Normal exit (0 jobs run)
Jan 25 19:09:36 UbuntuDesktop systemd[1]: Started D-Bus System Message Bus.
Jan 25 19:09:37 UbuntuDesktop avahi-daemon[515]: Found user 'avahi' (UID 116) and group 'avahi' (GID 122).
Jan 25 19:09:37 UbuntuDesktop avahi-daemon[515]: Successfully dropped root privileges.
Jan 25 19:09:37 UbuntuDesktop avahi-daemon[515]: avahi-daemon 0.7 starting up.
Jan 25 19:09:37 UbuntuDesktop udisksd[529]: udisks daemon version 2.7.6 starting
Jan 25 19:09:37 UbuntuDesktop rsyslogd[522]: imuxsock: Acquired UNIX socket '/run/systemd/journal/syslog' (fd 3) from systemd.  [v8.32.0]
Jan 25 19:09:37 UbuntuDesktop rsyslogd[522]: rsyslogd's groupid changed to 106
Jan 25 19:09:37 UbuntuDesktop rsyslogd[522]: rsyslogd's userid changed to 102
Jan 25 19:09:37 UbuntuDesktop rsyslogd[522]:  [origin software="rsyslogd" swVersion="8.32.0" x-pid="522" x-info="http://www.rsyslog.com"] start
Jan 25 19:09:37 UbuntuDesktop ModemManager[530]: <info>  ModemManager (version 1.10.0) starting in system bus...
Jan 25 19:09:37 UbuntuDesktop systemd-logind[524]: New seat seat0.
Jan 25 19:09:37 UbuntuDesktop dbus-daemon[531]: dbus[531]: Unknown group "power" in message bus configuration file
Jan 25 19:09:37 UbuntuDesktop gpu-manager[523]: Error: can't open /lib/modules/5.0.0-23-generic/updates/dkms
Jan 25 19:09:37 UbuntuDesktop dbus-daemon[531]: [system] AppArmor D-Bus mediation is enabled
Jan 25 19:09:37 UbuntuDesktop snapd[527]: AppArmor status: apparmor is enabled and all features are available
Jan 25 19:09:37 UbuntuDesktop systemd[1]: Started Login Service.
Jan 25 19:09:37 UbuntuDesktop systemd[1]: Starting firewalld - dynamic firewall daemon...
Jan 25 19:09:37 UbuntuDesktop systemd[1]: Started Regular background program processing daemon.
Jan 25 19:09:37 UbuntuDesktop systemd[1]: Started ACPI event daemon.
Jan 25 19:09:37 UbuntuDesktop cron[605]: (CRON) INFO (pidfile fd = 3)
Jan 25 19:09:37 UbuntuDesktop systemd[1]: Started irqbalance daemon.
Jan 25 19:09:37 UbuntuDesktop systemd[1]: Starting Accounts Service...
Jan 25 19:09:37 UbuntuDesktop thermald[514]: NO RAPL sysfs present
Jan 25 19:09:37 UbuntuDesktop thermald[514]: 22 CPUID levels; family:model:stepping 0x6:8e:9 (6:142:9)
Jan 25 19:09:37 UbuntuDesktop avahi-daemon[515]: Successfully called chroot().
Jan 25 19:09:37 UbuntuDesktop systemd[1]: Starting Dispatcher daemon for systemd-networkd...
Jan 25 19:09:37 UbuntuDesktop thermald[514]: Polling mode is enabled: 4
Jan 25 19:09:37 UbuntuDesktop thermald[514]: Thermal DTS: No coretemp sysfs found
Jan 25 19:09:37 UbuntuDesktop avahi-daemon[515]: Successfully dropped remaining capabilities.
Jan 25 19:09:37 UbuntuDesktop avahi-daemon[515]: No service file found in /etc/avahi/services.
Jan 25 19:09:37 UbuntuDesktop avahi-daemon[515]: Joining mDNS multicast group on interface lo.IPv6 with address ::1.
Jan 25 19:09:37 UbuntuDesktop avahi-daemon[515]: New relevant interface lo.IPv6 for mDNS.
Jan 25 19:09:37 UbuntuDesktop avahi-daemon[515]: Joining mDNS multicast group on interface lo.IPv4 with address 127.0.0.1.
Jan 25 19:09:37 UbuntuDesktop avahi-daemon[515]: New relevant interface lo.IPv4 for mDNS.
Jan 25 19:09:37 UbuntuDesktop avahi-daemon[515]: Network interface enumeration completed.
Jan 25 19:09:37 UbuntuDesktop avahi-daemon[515]: Registering new address record for ::1 on lo.*.
Jan 25 19:09:37 UbuntuDesktop systemd[1]: Starting WPA supplicant...
Jan 25 19:09:37 UbuntuDesktop avahi-daemon[515]: Registering new address record for 127.0.0.1 on lo.IPv4.
Jan 25 19:09:37 UbuntuDesktop dbus-daemon[531]: [system] Activating via systemd: service name='org.freedesktop.PolicyKit1' unit='polkit.service' requested by ':1.7' (uid=0 pid=530 comm="/usr/sbin/ModemManager --filter-policy=strict " label="unconfined")
Jan 25 19:09:37 UbuntuDesktop systemd[1]: Starting vboxadd.service...
Jan 25 19:09:37 UbuntuDesktop systemd[1]: Started System Logging Service.
Jan 25 19:09:37 UbuntuDesktop systemd[1]: Started Restore /etc/resolv.conf if the system crashed before the ppp link was shut down.
Jan 25 19:09:37 UbuntuDesktop cron[605]: (CRON) INFO (Running @reboot jobs)
Jan 25 19:09:37 UbuntuDesktop systemd[1]: Started Detect the available GPUs and deal with any system changes.
Jan 25 19:09:37 UbuntuDesktop thermald[514]: Thermal DTS or hwmon: No Zones present Need to configure manually
Jan 25 19:09:37 UbuntuDesktop thermald[514]: No thermal sensors found
Jan 25 19:09:37 UbuntuDesktop thermald[514]: THD engine start failed
Jan 25 19:09:37 UbuntuDesktop systemd[1]: Started Thermal Daemon Service.
Jan 25 19:09:37 UbuntuDesktop systemd[1]: Started Avahi mDNS/DNS-SD Stack.
Jan 25 19:09:37 UbuntuDesktop systemd[1]: Starting Authorization Manager...
Jan 25 19:09:37 UbuntuDesktop systemd[1]: Started Make remote CUPS printers available locally.
Jan 25 19:09:37 UbuntuDesktop apport[521]:  * Starting automatic crash report generation: apport
Jan 25 19:09:37 UbuntuDesktop grub-common[520]:  * Recording successful boot for GRUB
Jan 25 19:09:37 UbuntuDesktop systemd[1]: Started WPA supplicant.
Jan 25 19:09:37 UbuntuDesktop speech-dispatcher[516]:  * speech-dispatcher disabled; edit /etc/default/speech-dispatcher
Jan 25 19:09:37 UbuntuDesktop udisksd[529]: failed to load module mdraid: libbd_mdraid.so.2: cannot open shared object file: No such file or directory
Jan 25 19:09:37 UbuntuDesktop wpa_supplicant[612]: Successfully initialized wpa_supplicant
Jan 25 19:09:37 UbuntuDesktop systemd[1]: Started LSB: Speech Dispatcher.
Jan 25 19:09:37 UbuntuDesktop acpid[607]: starting up with netlink and the input layer
Jan 25 19:09:37 UbuntuDesktop acpid[607]: 8 rules loaded
Jan 25 19:09:37 UbuntuDesktop grub-common[520]:    ...done.
Jan 25 19:09:37 UbuntuDesktop systemd[1]: Started LSB: Record successful boot for GRUB.
Jan 25 19:09:37 UbuntuDesktop acpid[607]: waiting for events: event logging is off
Jan 25 19:09:37 UbuntuDesktop systemd[1]: Started resolvconf-pull-resolved.service.
Jan 25 19:09:37 UbuntuDesktop udisksd[529]: Failed to load the 'mdraid' libblockdev plugin
Jan 25 19:09:38 UbuntuDesktop apport[521]:    ...done.
Jan 25 19:09:38 UbuntuDesktop systemd[1]: Started LSB: automatic crash report generation.
Jan 25 19:09:38 UbuntuDesktop polkitd[622]: started daemon version 0.105 using authority implementation `local' version `0.105'
Jan 25 19:09:38 UbuntuDesktop dbus-daemon[531]: [system] Successfully activated service 'org.freedesktop.PolicyKit1'
Jan 25 19:09:38 UbuntuDesktop systemd[1]: Started Authorization Manager.
Jan 25 19:09:38 UbuntuDesktop accounts-daemon[609]: started daemon version 0.6.45
Jan 25 19:09:38 UbuntuDesktop systemd[1]: Started Accounts Service.
Jan 25 19:09:38 UbuntuDesktop systemd[1]: Started Modem Manager.
Jan 25 19:09:38 UbuntuDesktop avahi-daemon[515]: Server startup complete. Host name is UbuntuDesktop.local. Local service cookie is 4098989436.
Jan 25 19:09:39 UbuntuDesktop systemd-udevd[322]: link_config: autonegotiation is unset or enabled, the speed and duplex are not writable.
Jan 25 19:09:39 UbuntuDesktop networkd-dispatcher[610]: WARNING: systemd-networkd is not running, output will be incomplete.
Jan 25 19:09:39 UbuntuDesktop systemd-logind[524]: Watching system buttons on /dev/input/event0 (Power Button)
Jan 25 19:09:39 UbuntuDesktop systemd[1]: Started Disk Manager.
Jan 25 19:09:39 UbuntuDesktop udisksd[529]: Acquired the name org.freedesktop.UDisks2 on the system message bus
Jan 25 19:09:39 UbuntuDesktop systemd[1]: Started Dispatcher daemon for systemd-networkd.
Jan 25 19:09:39 UbuntuDesktop systemd-logind[524]: Watching system buttons on /dev/input/event1 (Sleep Button)
Jan 25 19:09:39 UbuntuDesktop vboxadd[613]: VirtualBox Guest Additions: Starting.
Jan 25 19:09:39 UbuntuDesktop vboxadd[613]: VirtualBox Guest Additions: Building the VirtualBox Guest Additions kernel
Jan 25 19:09:39 UbuntuDesktop vboxadd[613]: modules.  This may take a while.
Jan 25 19:09:39 UbuntuDesktop vboxadd[613]: VirtualBox Guest Additions: To build modules for other installed kernels, run
Jan 25 19:09:39 UbuntuDesktop vboxadd[613]: VirtualBox Guest Additions:   /sbin/rcvboxadd quicksetup <version>
Jan 25 19:09:39 UbuntuDesktop vboxadd[613]: VirtualBox Guest Additions: or
Jan 25 19:09:39 UbuntuDesktop vboxadd[613]: VirtualBox Guest Additions:   /sbin/rcvboxadd quicksetup all
Jan 25 19:09:40 UbuntuDesktop mtp-probe[670]: checking bus 1, device 2: "/sys/devices/pci0000:00/0000:00:06.0/usb1/1-1"
Jan 25 19:09:40 UbuntuDesktop mtp-probe[670]: bus: 1, device: 2 was not an MTP device
Jan 25 19:09:40 UbuntuDesktop kernel: RAPL PMU: API unit is 2^-32 Joules, 5 fixed counters, 10737418240 ms ovfl timer
Jan 25 19:09:40 UbuntuDesktop kernel: RAPL PMU: hw unit of domain pp0-core 2^-0 Joules
Jan 25 19:09:40 UbuntuDesktop kernel: RAPL PMU: hw unit of domain package 2^-0 Joules
Jan 25 19:09:40 UbuntuDesktop kernel: RAPL PMU: hw unit of domain dram 2^-0 Joules
Jan 25 19:09:40 UbuntuDesktop kernel: RAPL PMU: hw unit of domain pp1-gpu 2^-0 Joules
Jan 25 19:09:40 UbuntuDesktop kernel: RAPL PMU: hw unit of domain psys 2^-0 Joules
Jan 25 19:09:40 UbuntuDesktop systemd[1]: Received SIGRTMIN+20 from PID 365 (plymouthd).
Jan 25 19:09:41 UbuntuDesktop kernel: cryptd: max_cpu_qlen set to 1000
Jan 25 19:09:41 UbuntuDesktop systemd-logind[524]: Watching system buttons on /dev/input/event2 (AT Translated Set 2 keyboard)
Jan 25 19:09:41 UbuntuDesktop snapd[527]: AppArmor status: apparmor is enabled and all features are available
Jan 25 19:09:41 UbuntuDesktop ModemManager[530]: <info>  Couldn't check support for device '/sys/devices/pci0000:00/0000:00:03.0': not supported by any plugin
Jan 25 19:09:41 UbuntuDesktop kernel: [drm] DMA map mode: Using physical TTM page addresses.
Jan 25 19:09:41 UbuntuDesktop kernel: [drm] Capabilities:
Jan 25 19:09:41 UbuntuDesktop kernel: [drm]   Cursor.
Jan 25 19:09:41 UbuntuDesktop kernel: [drm]   Cursor bypass 2.
Jan 25 19:09:41 UbuntuDesktop kernel: [drm]   Alpha cursor.
Jan 25 19:09:41 UbuntuDesktop kernel: [drm]   3D.
Jan 25 19:09:41 UbuntuDesktop kernel: [drm]   Extended Fifo.
Jan 25 19:09:41 UbuntuDesktop kernel: [drm]   Pitchlock.
Jan 25 19:09:41 UbuntuDesktop kernel: [drm]   Irq mask.
Jan 25 19:09:41 UbuntuDesktop kernel: [drm]   GMR.
Jan 25 19:09:41 UbuntuDesktop kernel: [drm]   Traces.
Jan 25 19:09:41 UbuntuDesktop kernel: [drm]   GMR2.
Jan 25 19:09:41 UbuntuDesktop kernel: [drm]   Screen Object 2.
Jan 25 19:09:41 UbuntuDesktop kernel: [drm] Max GMR ids is 8192
Jan 25 19:09:41 UbuntuDesktop kernel: [drm] Max number of GMR pages is 1048576
Jan 25 19:09:41 UbuntuDesktop kernel: [drm] Max dedicated hypervisor surface memory is 507904 kiB
Jan 25 19:09:41 UbuntuDesktop kernel: [drm] Maximum display memory size is 16384 kiB
Jan 25 19:09:41 UbuntuDesktop kernel: [drm] VRAM at 0xe0000000 size is 16384 kiB
Jan 25 19:09:41 UbuntuDesktop kernel: [drm] MMIO at 0xf0000000 size is 2048 kiB
Jan 25 19:09:41 UbuntuDesktop kernel: AVX2 version of gcm_enc/dec engaged.
Jan 25 19:09:41 UbuntuDesktop kernel: AES CTR mode by8 optimization enabled
Jan 25 19:09:41 UbuntuDesktop snapd[527]: daemon.go:347: started snapd/2.48.2 (series 16; classic) ubuntu/18.04 (amd64) linux/5.0.0-23-generic.
Jan 25 19:09:41 UbuntuDesktop systemd-udevd[320]: link_config: autonegotiation is unset or enabled, the speed and duplex are not writable.
Jan 25 19:09:41 UbuntuDesktop snapd[527]: daemon.go:440: adjusting startup timeout by 1m25s (pessimistic estimate of 30s plus 5s per snap)
Jan 25 19:09:41 UbuntuDesktop systemd[1]: Listening on Load/Save RF Kill Switch Status /dev/rfkill Watch.
Jan 25 19:09:42 UbuntuDesktop kernel: [TTM] Zone  kernel: Available graphics memory: 2018586 kiB
Jan 25 19:09:42 UbuntuDesktop kernel: [TTM] Initializing pool allocator
Jan 25 19:09:42 UbuntuDesktop kernel: [TTM] Initializing DMA pool allocator
Jan 25 19:09:42 UbuntuDesktop kernel: [drm] Supports vblank timestamp caching Rev 2 (21.10.2013).
Jan 25 19:09:42 UbuntuDesktop kernel: [drm] No driver support for vblank timestamp query.
Jan 25 19:09:42 UbuntuDesktop kernel: [drm] Screen Objects Display Unit initialized
Jan 25 19:09:42 UbuntuDesktop kernel: [drm] width 720
Jan 25 19:09:42 UbuntuDesktop kernel: [drm] height 400
Jan 25 19:09:42 UbuntuDesktop kernel: [drm] bpp 32
Jan 25 19:09:42 UbuntuDesktop kernel: [drm] Fifo max 0x00200000 min 0x00001000 cap 0x00000355
Jan 25 19:09:42 UbuntuDesktop kernel: [drm] DX: no.
Jan 25 19:09:42 UbuntuDesktop kernel: [drm] Atomic: yes.
Jan 25 19:09:42 UbuntuDesktop kernel: [drm] SM4_1: no.
Jan 25 19:09:42 UbuntuDesktop kernel: [drm:vmw_host_log [vmwgfx]] *ERROR* Failed to send host log message.
Jan 25 19:09:42 UbuntuDesktop kernel: [drm:vmw_host_log [vmwgfx]] *ERROR* Failed to send host log message.
Jan 25 19:09:42 UbuntuDesktop kernel: fbcon: svgadrmfb (fb0) is primary device
Jan 25 19:09:42 UbuntuDesktop kernel: Console: switching to colour frame buffer device 100x37
Jan 25 19:09:42 UbuntuDesktop kernel: [drm] Initialized vmwgfx 2.15.0 20180704 for 0000:00:02.0 on minor 0
Jan 25 19:09:42 UbuntuDesktop systemd[1]: Started firewalld - dynamic firewall daemon.
Jan 25 19:09:42 UbuntuDesktop systemd[1]: Reached target Network (Pre).
Jan 25 19:09:42 UbuntuDesktop systemd[1]: Starting Network Manager...
Jan 25 19:09:42 UbuntuDesktop systemd[1]: Starting Raise network interfaces...
Jan 25 19:09:42 UbuntuDesktop kernel: bpfilter: Loaded bpfilter_umh pid 782
Jan 25 19:09:43 UbuntuDesktop NetworkManager[770]: <info>  [1611619783.2254] NetworkManager (version 1.10.6) is starting... (for the first time)
Jan 25 19:09:43 UbuntuDesktop NetworkManager[770]: <info>  [1611619783.2255] Read config: /etc/NetworkManager/NetworkManager.conf (lib: 10-dns-resolved.conf, 20-connectivity-ubuntu.conf, no-mac-addr-change.conf) (run: 10-globally-managed-devices.conf) (etc: default-wifi-powersave-on.conf)
Jan 25 19:09:43 UbuntuDesktop NetworkManager[770]: <info>  [1611619783.4771] manager[0x56270d54f060]: monitoring kernel firmware directory '/lib/firmware'.
Jan 25 19:09:43 UbuntuDesktop NetworkManager[770]: <info>  [1611619783.4772] monitoring ifupdown state file '/run/network/ifstate'.
Jan 25 19:09:43 UbuntuDesktop dbus-daemon[531]: [system] Activating via systemd: service name='org.freedesktop.hostname1' unit='dbus-org.freedesktop.hostname1.service' requested by ':1.15' (uid=0 pid=770 comm="/usr/sbin/NetworkManager --no-daemon " label="unconfined")
Jan 25 19:09:43 UbuntuDesktop systemd[1]: Starting Hostname Service...
Jan 25 19:09:43 UbuntuDesktop dbus-daemon[531]: [system] Successfully activated service 'org.freedesktop.hostname1'
Jan 25 19:09:43 UbuntuDesktop systemd[1]: Started Hostname Service.
Jan 25 19:09:43 UbuntuDesktop systemd[1]: Started Raise network interfaces.
Jan 25 19:09:43 UbuntuDesktop NetworkManager[770]: <info>  [1611619783.9963] hostname: hostname: using hostnamed
Jan 25 19:09:43 UbuntuDesktop NetworkManager[770]: <info>  [1611619783.9964] hostname: hostname changed from (none) to "UbuntuDesktop"
Jan 25 19:09:43 UbuntuDesktop NetworkManager[770]: <info>  [1611619783.9973] dns-mgr[0x56270d56c140]: init: dns=systemd-resolved, rc-manager=symlink, plugin=systemd-resolved
Jan 25 19:09:44 UbuntuDesktop NetworkManager[770]: <info>  [1611619784.0161] manager[0x56270d54f060]: rfkill: WiFi hardware radio set enabled
Jan 25 19:09:44 UbuntuDesktop NetworkManager[770]: <info>  [1611619784.0165] manager[0x56270d54f060]: rfkill: WWAN hardware radio set enabled
Jan 25 19:09:44 UbuntuDesktop systemd[1]: Started Network Manager.
Jan 25 19:09:44 UbuntuDesktop systemd[1]: Reached target Network.
Jan 25 19:09:44 UbuntuDesktop systemd[1]: Started Unattended Upgrades Shutdown.
Jan 25 19:09:44 UbuntuDesktop systemd[1]: Starting Permit User Sessions...
Jan 25 19:09:44 UbuntuDesktop systemd[1]: Starting The Apache HTTP Server...
Jan 25 19:09:44 UbuntuDesktop systemd[1]: Starting A high performance web server and a reverse proxy server...
Jan 25 19:09:44 UbuntuDesktop systemd[1]: Starting vsftpd FTP server...
Jan 25 19:09:44 UbuntuDesktop systemd[1]: Starting containerd container runtime...
Jan 25 19:09:44 UbuntuDesktop systemd[1]: Starting OpenBSD Secure Shell server...
Jan 25 19:09:44 UbuntuDesktop systemd[1]: Starting Network Manager Wait Online...
Jan 25 19:09:44 UbuntuDesktop systemd[1]: Started Permit User Sessions.
Jan 25 19:09:44 UbuntuDesktop dbus-daemon[531]: [system] Activating via systemd: service name='org.freedesktop.nm_dispatcher' unit='dbus-org.freedesktop.nm-dispatcher.service' requested by ':1.15' (uid=0 pid=770 comm="/usr/sbin/NetworkManager --no-daemon " label="unconfined")
Jan 25 19:09:44 UbuntuDesktop systemd[1]: Starting Hold until boot process finishes up...
Jan 25 19:09:44 UbuntuDesktop systemd[1]: Started vsftpd FTP server.
Jan 25 19:09:44 UbuntuDesktop systemd[1]: Starting Network Manager Script Dispatcher Service...
Jan 25 19:09:44 UbuntuDesktop dbus-daemon[531]: [system] Successfully activated service 'org.freedesktop.nm_dispatcher'
Jan 25 19:09:44 UbuntuDesktop systemd[1]: Started Network Manager Script Dispatcher Service.
Jan 25 19:09:44 UbuntuDesktop NetworkManager[770]: <info>  [1611619784.4080] init!
Jan 25 19:09:44 UbuntuDesktop NetworkManager[770]: <info>  [1611619784.4131]       interface-parser: parsing file /etc/network/interfaces
Jan 25 19:09:44 UbuntuDesktop NetworkManager[770]: <info>  [1611619784.4409]       interface-parser: finished parsing file /etc/network/interfaces
Jan 25 19:09:44 UbuntuDesktop NetworkManager[770]: <info>  [1611619784.4499] management mode: unmanaged
Jan 25 19:09:44 UbuntuDesktop NetworkManager[770]: <info>  [1611619784.4522] devices added (path: /sys/devices/pci0000:00/0000:00:03.0/net/enp0s3, iface: enp0s3)
Jan 25 19:09:44 UbuntuDesktop NetworkManager[770]: <info>  [1611619784.4589] device added (path: /sys/devices/pci0000:00/0000:00:03.0/net/enp0s3, iface: enp0s3): no ifupdown configuration found.
Jan 25 19:09:44 UbuntuDesktop NetworkManager[770]: <info>  [1611619784.4595] devices added (path: /sys/devices/virtual/net/lo, iface: lo)
Jan 25 19:09:44 UbuntuDesktop NetworkManager[770]: <info>  [1611619784.4600] device added (path: /sys/devices/virtual/net/lo, iface: lo): no ifupdown configuration found.
Jan 25 19:09:44 UbuntuDesktop NetworkManager[770]: <info>  [1611619784.4603] end _init.
Jan 25 19:09:44 UbuntuDesktop NetworkManager[770]: <info>  [1611619784.4669] settings: loaded plugin ifupdown: (C) 2008 Canonical Ltd.  To report bugs please use the NetworkManager mailing list. (/usr/lib/x86_64-linux-gnu/NetworkManager/libnm-settings-plugin-ifupdown.so)
Jan 25 19:09:44 UbuntuDesktop NetworkManager[770]: <info>  [1611619784.4674] settings: loaded plugin keyfile: (c) 2007 - 2016 Red Hat, Inc.  To report bugs please use the NetworkManager mailing list.
Jan 25 19:09:44 UbuntuDesktop NetworkManager[770]: <info>  [1611619784.4700] (223903936) ... get_connections.
Jan 25 19:09:44 UbuntuDesktop NetworkManager[770]: <info>  [1611619784.4703] (223903936) ... get_connections (managed=false): return empty list.
Jan 25 19:09:44 UbuntuDesktop NetworkManager[770]: <info>  [1611619784.4738] get unmanaged devices count: 0
Jan 25 19:09:44 UbuntuDesktop NetworkManager[770]: <info>  [1611619784.4742] manager: rfkill: WiFi enabled by radio killswitch; enabled by state file
Jan 25 19:09:44 UbuntuDesktop NetworkManager[770]: <info>  [1611619784.4746] manager: rfkill: WWAN enabled by radio killswitch; enabled by state file
Jan 25 19:09:44 UbuntuDesktop NetworkManager[770]: <info>  [1611619784.4748] manager: Networking is enabled by state file
Jan 25 19:09:44 UbuntuDesktop NetworkManager[770]: <info>  [1611619784.4755] dhcp-init: Using DHCP client 'dhclient'
Jan 25 19:09:44 UbuntuDesktop nm-dispatcher[891]: req:1 'hostname': new request (1 scripts)
Jan 25 19:09:44 UbuntuDesktop nm-dispatcher[891]: req:1 'hostname': start running ordered scripts...
Jan 25 19:09:44 UbuntuDesktop NetworkManager[770]: <info>  [1611619784.4795] Loaded device plugin: NMBondDeviceFactory (internal)
Jan 25 19:09:44 UbuntuDesktop NetworkManager[770]: <info>  [1611619784.4798] Loaded device plugin: NMBridgeDeviceFactory (internal)
Jan 25 19:09:44 UbuntuDesktop NetworkManager[770]: <info>  [1611619784.4800] Loaded device plugin: NMDummyDeviceFactory (internal)
Jan 25 19:09:44 UbuntuDesktop NetworkManager[770]: <info>  [1611619784.4802] Loaded device plugin: NMEthernetDeviceFactory (internal)
Jan 25 19:09:44 UbuntuDesktop NetworkManager[770]: <info>  [1611619784.4805] Loaded device plugin: NMInfinibandDeviceFactory (internal)
Jan 25 19:09:44 UbuntuDesktop NetworkManager[770]: <info>  [1611619784.4815] Loaded device plugin: NMIPTunnelDeviceFactory (internal)
Jan 25 19:09:44 UbuntuDesktop NetworkManager[770]: <info>  [1611619784.4819] Loaded device plugin: NMMacsecDeviceFactory (internal)
Jan 25 19:09:44 UbuntuDesktop NetworkManager[770]: <info>  [1611619784.4822] Loaded device plugin: NMMacvlanDeviceFactory (internal)
Jan 25 19:09:44 UbuntuDesktop NetworkManager[770]: <info>  [1611619784.4825] Loaded device plugin: NMPppDeviceFactory (internal)
Jan 25 19:09:44 UbuntuDesktop NetworkManager[770]: <info>  [1611619784.4827] Loaded device plugin: NMTunDeviceFactory (internal)
Jan 25 19:09:44 UbuntuDesktop NetworkManager[770]: <info>  [1611619784.4830] Loaded device plugin: NMVethDeviceFactory (internal)
Jan 25 19:09:44 UbuntuDesktop NetworkManager[770]: <info>  [1611619784.4833] Loaded device plugin: NMVlanDeviceFactory (internal)
Jan 25 19:09:44 UbuntuDesktop NetworkManager[770]: <info>  [1611619784.4846] Loaded device plugin: NMVxlanDeviceFactory (internal)
Jan 25 19:09:44 UbuntuDesktop NetworkManager[770]: <info>  [1611619784.5328] Loaded device plugin: NMTeamFactory (/usr/lib/x86_64-linux-gnu/NetworkManager/libnm-device-plugin-team.so)
Jan 25 19:09:44 UbuntuDesktop NetworkManager[770]: <info>  [1611619784.5463] Loaded device plugin: NMWwanFactory (/usr/lib/x86_64-linux-gnu/NetworkManager/libnm-device-plugin-wwan.so)
Jan 25 19:09:44 UbuntuDesktop sshd[913]: Server listening on 0.0.0.0 port 22.
Jan 25 19:09:44 UbuntuDesktop NetworkManager[770]: <info>  [1611619784.5568] Loaded device plugin: NMAtmManager (/usr/lib/x86_64-linux-gnu/NetworkManager/libnm-device-plugin-adsl.so)
Jan 25 19:09:44 UbuntuDesktop sshd[913]: Server listening on :: port 22.
Jan 25 19:09:44 UbuntuDesktop systemd[1]: Started OpenBSD Secure Shell server.
Jan 25 19:09:44 UbuntuDesktop NetworkManager[770]: <info>  [1611619784.6025] Loaded device plugin: NMWifiFactory (/usr/lib/x86_64-linux-gnu/NetworkManager/libnm-device-plugin-wifi.so)
Jan 25 19:09:44 UbuntuDesktop systemd[1]: Started Snappy daemon.
Jan 25 19:09:44 UbuntuDesktop systemd[1]: Starting Wait until snapd is fully seeded...
Jan 25 19:09:44 UbuntuDesktop NetworkManager[770]: <info>  [1611619784.6577] Loaded device plugin: NMBluezManager (/usr/lib/x86_64-linux-gnu/NetworkManager/libnm-device-plugin-bluetooth.so)
Jan 25 19:09:44 UbuntuDesktop NetworkManager[770]: <info>  [1611619784.6629] device (lo): carrier: link connected
Jan 25 19:09:44 UbuntuDesktop NetworkManager[770]: <info>  [1611619784.6655] manager: (lo): new Generic device (/org/freedesktop/NetworkManager/Devices/1)
Jan 25 19:09:44 UbuntuDesktop NetworkManager[770]: <info>  [1611619784.6909] manager: (enp0s3): new Ethernet device (/org/freedesktop/NetworkManager/Devices/2)
Jan 25 19:09:44 UbuntuDesktop NetworkManager[770]: <info>  [1611619784.7054] keyfile: add connection in-memory (45d728c5-24ec-3e92-93ed-bc5236928502,"Wired connection 1")
Jan 25 19:09:44 UbuntuDesktop NetworkManager[770]: <info>  [1611619784.7117] settings: (enp0s3): created default wired connection 'Wired connection 1'
Jan 25 19:09:44 UbuntuDesktop NetworkManager[770]: <info>  [1611619784.7148] device (enp0s3): state change: unmanaged -> unavailable (reason 'managed', sys-iface-state: 'external')
Jan 25 19:09:44 UbuntuDesktop kernel: e1000: enp0s3 NIC Link is Up 1000 Mbps Full Duplex, Flow Control: RX
Jan 25 19:09:44 UbuntuDesktop kernel: IPv6: ADDRCONF(NETDEV_CHANGE): enp0s3: link becomes ready
Jan 25 19:09:44 UbuntuDesktop kernel: bridge: filtering via arp/ip/ip6tables is no longer available by default. Update your scripts to load br_netfilter if you need this.
Jan 25 19:09:44 UbuntuDesktop NetworkManager[770]: <info>  [1611619784.8234] device (enp0s3): carrier: link connected
Jan 25 19:09:44 UbuntuDesktop NetworkManager[770]: <info>  [1611619784.9890] modem-manager: ModemManager available
Jan 25 19:09:44 UbuntuDesktop systemd[1]: Started A high performance web server and a reverse proxy server.
Jan 25 19:09:45 UbuntuDesktop NetworkManager[770]: <info>  [1611619785.1031] device (enp0s3): state change: unavailable -> disconnected (reason 'none', sys-iface-state: 'managed')
Jan 25 19:09:45 UbuntuDesktop NetworkManager[770]: <info>  [1611619785.1480] policy: auto-activating connection 'Wired connection 1'
Jan 25 19:09:45 UbuntuDesktop NetworkManager[770]: <info>  [1611619785.2088] device (enp0s3): Activation: starting connection 'Wired connection 1' (45d728c5-24ec-3e92-93ed-bc5236928502)
Jan 25 19:09:45 UbuntuDesktop NetworkManager[770]: <info>  [1611619785.2094] device (enp0s3): state change: disconnected -> prepare (reason 'none', sys-iface-state: 'managed')
Jan 25 19:09:45 UbuntuDesktop NetworkManager[770]: <info>  [1611619785.2098] manager: NetworkManager state is now CONNECTING
Jan 25 19:09:45 UbuntuDesktop apachectl[883]: AH00558: apache2: Could not reliably determine the server's fully qualified domain name, using 127.0.1.1. Set the 'ServerName' directive globally to suppress this message
Jan 25 19:09:45 UbuntuDesktop NetworkManager[770]: <info>  [1611619785.2117] device (enp0s3): state change: prepare -> config (reason 'none', sys-iface-state: 'managed')
Jan 25 19:09:45 UbuntuDesktop apachectl[883]: (98)Address already in use: AH00072: make_sock: could not bind to address [::]:80
Jan 25 19:09:45 UbuntuDesktop apachectl[883]: (98)Address already in use: AH00072: make_sock: could not bind to address 0.0.0.0:80
Jan 25 19:09:45 UbuntuDesktop apachectl[883]: no listening sockets available, shutting down
Jan 25 19:09:45 UbuntuDesktop apachectl[883]: AH00015: Unable to open logs
Jan 25 19:09:45 UbuntuDesktop apachectl[883]: Action 'start' failed.
Jan 25 19:09:45 UbuntuDesktop apachectl[883]: The Apache error log may have more information.
Jan 25 19:09:45 UbuntuDesktop systemd[1]: apache2.service: Control process exited, code=exited status=1
Jan 25 19:09:45 UbuntuDesktop systemd[1]: apache2.service: Failed with result 'exit-code'.
Jan 25 19:09:45 UbuntuDesktop systemd[1]: Failed to start The Apache HTTP Server.
Jan 25 19:09:46 UbuntuDesktop containerd[894]: time="2021-01-25T19:09:46.392565949-05:00" level=info msg="starting containerd" revision=ea765aba0d05254012b0b9e595e995c09186427f version=1.3.9
Jan 25 19:09:46 UbuntuDesktop containerd[894]: time="2021-01-25T19:09:46.912294044-05:00" level=info msg="loading plugin \"io.containerd.content.v1.content\"..." type=io.containerd.content.v1
Jan 25 19:09:46 UbuntuDesktop containerd[894]: time="2021-01-25T19:09:46.930625181-05:00" level=info msg="loading plugin \"io.containerd.snapshotter.v1.btrfs\"..." type=io.containerd.snapshotter.v1
Jan 25 19:09:46 UbuntuDesktop containerd[894]: time="2021-01-25T19:09:46.931337978-05:00" level=info msg="skip loading plugin \"io.containerd.snapshotter.v1.btrfs\"..." error="path /var/lib/containerd/io.containerd.snapshotter.v1.btrfs (ext4) must be a btrfs filesystem to be used with the btrfs snapshotter: skip plugin" type=io.containerd.snapshotter.v1
Jan 25 19:09:46 UbuntuDesktop containerd[894]: time="2021-01-25T19:09:46.931707187-05:00" level=info msg="loading plugin \"io.containerd.snapshotter.v1.devmapper\"..." type=io.containerd.snapshotter.v1
Jan 25 19:09:46 UbuntuDesktop containerd[894]: time="2021-01-25T19:09:46.932124175-05:00" level=warning msg="failed to load plugin io.containerd.snapshotter.v1.devmapper" error="devmapper not configured"
Jan 25 19:09:46 UbuntuDesktop containerd[894]: time="2021-01-25T19:09:46.932174033-05:00" level=info msg="loading plugin \"io.containerd.snapshotter.v1.aufs\"..." type=io.containerd.snapshotter.v1
Jan 25 19:09:47 UbuntuDesktop kernel: aufs 4.x-rcN-20190204
Jan 25 19:09:47 UbuntuDesktop containerd[894]: time="2021-01-25T19:09:47.175611679-05:00" level=info msg="loading plugin \"io.containerd.snapshotter.v1.native\"..." type=io.containerd.snapshotter.v1
Jan 25 19:09:47 UbuntuDesktop containerd[894]: time="2021-01-25T19:09:47.176303542-05:00" level=info msg="loading plugin \"io.containerd.snapshotter.v1.overlayfs\"..." type=io.containerd.snapshotter.v1
Jan 25 19:09:47 UbuntuDesktop containerd[894]: time="2021-01-25T19:09:47.177122814-05:00" level=info msg="loading plugin \"io.containerd.snapshotter.v1.zfs\"..." type=io.containerd.snapshotter.v1
Jan 25 19:09:47 UbuntuDesktop containerd[894]: time="2021-01-25T19:09:47.181213867-05:00" level=info msg="skip loading plugin \"io.containerd.snapshotter.v1.zfs\"..." error="path /var/lib/containerd/io.containerd.snapshotter.v1.zfs must be a zfs filesystem to be used with the zfs snapshotter: skip plugin" type=io.containerd.snapshotter.v1
Jan 25 19:09:47 UbuntuDesktop containerd[894]: time="2021-01-25T19:09:47.181293392-05:00" level=info msg="loading plugin \"io.containerd.metadata.v1.bolt\"..." type=io.containerd.metadata.v1
Jan 25 19:09:47 UbuntuDesktop containerd[894]: time="2021-01-25T19:09:47.181470817-05:00" level=warning msg="could not use snapshotter devmapper in metadata plugin" error="devmapper not configured"
Jan 25 19:09:47 UbuntuDesktop containerd[894]: time="2021-01-25T19:09:47.181494287-05:00" level=info msg="metadata content store policy set" policy=shared
Jan 25 19:09:47 UbuntuDesktop containerd[894]: time="2021-01-25T19:09:47.447427375-05:00" level=info msg="loading plugin \"io.containerd.differ.v1.walking\"..." type=io.containerd.differ.v1
Jan 25 19:09:47 UbuntuDesktop containerd[894]: time="2021-01-25T19:09:47.447511908-05:00" level=info msg="loading plugin \"io.containerd.gc.v1.scheduler\"..." type=io.containerd.gc.v1
Jan 25 19:09:47 UbuntuDesktop containerd[894]: time="2021-01-25T19:09:47.447638650-05:00" level=info msg="loading plugin \"io.containerd.service.v1.containers-service\"..." type=io.containerd.service.v1
Jan 25 19:09:47 UbuntuDesktop containerd[894]: time="2021-01-25T19:09:47.447680902-05:00" level=info msg="loading plugin \"io.containerd.service.v1.content-service\"..." type=io.containerd.service.v1
Jan 25 19:09:47 UbuntuDesktop containerd[894]: time="2021-01-25T19:09:47.447708757-05:00" level=info msg="loading plugin \"io.containerd.service.v1.diff-service\"..." type=io.containerd.service.v1
Jan 25 19:09:47 UbuntuDesktop containerd[894]: time="2021-01-25T19:09:47.447735091-05:00" level=info msg="loading plugin \"io.containerd.service.v1.images-service\"..." type=io.containerd.service.v1
Jan 25 19:09:47 UbuntuDesktop containerd[894]: time="2021-01-25T19:09:47.447759922-05:00" level=info msg="loading plugin \"io.containerd.service.v1.leases-service\"..." type=io.containerd.service.v1
Jan 25 19:09:47 UbuntuDesktop containerd[894]: time="2021-01-25T19:09:47.447785181-05:00" level=info msg="loading plugin \"io.containerd.service.v1.namespaces-service\"..." type=io.containerd.service.v1
Jan 25 19:09:47 UbuntuDesktop containerd[894]: time="2021-01-25T19:09:47.447807561-05:00" level=info msg="loading plugin \"io.containerd.service.v1.snapshots-service\"..." type=io.containerd.service.v1
Jan 25 19:09:47 UbuntuDesktop containerd[894]: time="2021-01-25T19:09:47.447831252-05:00" level=info msg="loading plugin \"io.containerd.runtime.v1.linux\"..." type=io.containerd.runtime.v1
Jan 25 19:09:47 UbuntuDesktop containerd[894]: time="2021-01-25T19:09:47.447948408-05:00" level=info msg="loading plugin \"io.containerd.runtime.v2.task\"..." type=io.containerd.runtime.v2
Jan 25 19:09:47 UbuntuDesktop containerd[894]: time="2021-01-25T19:09:47.448025019-05:00" level=info msg="loading plugin \"io.containerd.monitor.v1.cgroups\"..." type=io.containerd.monitor.v1
Jan 25 19:09:47 UbuntuDesktop containerd[894]: time="2021-01-25T19:09:47.448711157-05:00" level=info msg="loading plugin \"io.containerd.service.v1.tasks-service\"..." type=io.containerd.service.v1
Jan 25 19:09:47 UbuntuDesktop containerd[894]: time="2021-01-25T19:09:47.448764803-05:00" level=info msg="loading plugin \"io.containerd.internal.v1.restart\"..." type=io.containerd.internal.v1
Jan 25 19:09:47 UbuntuDesktop containerd[894]: time="2021-01-25T19:09:47.448829615-05:00" level=info msg="loading plugin \"io.containerd.grpc.v1.containers\"..." type=io.containerd.grpc.v1
Jan 25 19:09:47 UbuntuDesktop containerd[894]: time="2021-01-25T19:09:47.448852701-05:00" level=info msg="loading plugin \"io.containerd.grpc.v1.content\"..." type=io.containerd.grpc.v1
Jan 25 19:09:47 UbuntuDesktop containerd[894]: time="2021-01-25T19:09:47.448873356-05:00" level=info msg="loading plugin \"io.containerd.grpc.v1.diff\"..." type=io.containerd.grpc.v1
Jan 25 19:09:47 UbuntuDesktop containerd[894]: time="2021-01-25T19:09:47.448898413-05:00" level=info msg="loading plugin \"io.containerd.grpc.v1.events\"..." type=io.containerd.grpc.v1
Jan 25 19:09:47 UbuntuDesktop containerd[894]: time="2021-01-25T19:09:47.448918496-05:00" level=info msg="loading plugin \"io.containerd.grpc.v1.healthcheck\"..." type=io.containerd.grpc.v1
Jan 25 19:09:47 UbuntuDesktop containerd[894]: time="2021-01-25T19:09:47.448939581-05:00" level=info msg="loading plugin \"io.containerd.grpc.v1.images\"..." type=io.containerd.grpc.v1
Jan 25 19:09:47 UbuntuDesktop containerd[894]: time="2021-01-25T19:09:47.448970110-05:00" level=info msg="loading plugin \"io.containerd.grpc.v1.leases\"..." type=io.containerd.grpc.v1
Jan 25 19:09:47 UbuntuDesktop containerd[894]: time="2021-01-25T19:09:47.448995156-05:00" level=info msg="loading plugin \"io.containerd.grpc.v1.namespaces\"..." type=io.containerd.grpc.v1
Jan 25 19:09:47 UbuntuDesktop containerd[894]: time="2021-01-25T19:09:47.449015069-05:00" level=info msg="loading plugin \"io.containerd.internal.v1.opt\"..." type=io.containerd.internal.v1
Jan 25 19:09:47 UbuntuDesktop containerd[894]: time="2021-01-25T19:09:47.451279837-05:00" level=info msg="loading plugin \"io.containerd.grpc.v1.snapshots\"..." type=io.containerd.grpc.v1
Jan 25 19:09:47 UbuntuDesktop containerd[894]: time="2021-01-25T19:09:47.451337562-05:00" level=info msg="loading plugin \"io.containerd.grpc.v1.tasks\"..." type=io.containerd.grpc.v1
Jan 25 19:09:47 UbuntuDesktop containerd[894]: time="2021-01-25T19:09:47.451362931-05:00" level=info msg="loading plugin \"io.containerd.grpc.v1.version\"..." type=io.containerd.grpc.v1
Jan 25 19:09:47 UbuntuDesktop containerd[894]: time="2021-01-25T19:09:47.451384661-05:00" level=info msg="loading plugin \"io.containerd.grpc.v1.introspection\"..." type=io.containerd.grpc.v1
Jan 25 19:09:47 UbuntuDesktop containerd[894]: time="2021-01-25T19:09:47.461729557-05:00" level=info msg=serving... address=/run/containerd/containerd.sock.ttrpc
Jan 25 19:09:47 UbuntuDesktop containerd[894]: time="2021-01-25T19:09:47.461823862-05:00" level=info msg=serving... address=/run/containerd/containerd.sock
